Component: ARM Compiler 5.06 update 7 (build 960) Tool: armlink [4d3601]

==============================================================================

Section Cross References

    startup_stm32f427xx.o(STACK) refers (Special) to heapauxi.o(.text) for __use_two_region_memory
    startup_stm32f427xx.o(HEAP) refers (Special) to heapauxi.o(.text) for __use_two_region_memory
    startup_stm32f427xx.o(RESET) refers (Special) to heapauxi.o(.text) for __use_two_region_memory
    startup_stm32f427xx.o(RESET) refers to startup_stm32f427xx.o(STACK) for __initial_sp
    startup_stm32f427xx.o(RESET) refers to startup_stm32f427xx.o(.text) for Reset_Handler
    startup_stm32f427xx.o(RESET) refers to stm32f4xx_it.o(i.NMI_Handler) for NMI_Handler
    startup_stm32f427xx.o(RESET) refers to stm32f4xx_it.o(i.HardFault_Handler) for HardFault_Handler
    startup_stm32f427xx.o(RESET) refers to stm32f4xx_it.o(i.MemManage_Handler) for MemManage_Handler
    startup_stm32f427xx.o(RESET) refers to stm32f4xx_it.o(i.BusFault_Handler) for BusFault_Handler
    startup_stm32f427xx.o(RESET) refers to stm32f4xx_it.o(i.UsageFault_Handler) for UsageFault_Handler
    startup_stm32f427xx.o(RESET) refers to port.o(.emb_text) for SVC_Handler
    startup_stm32f427xx.o(RESET) refers to stm32f4xx_it.o(i.DebugMon_Handler) for DebugMon_Handler
    startup_stm32f427xx.o(RESET) refers to stm32f4xx_it.o(i.SysTick_Handler) for SysTick_Handler
    startup_stm32f427xx.o(RESET) refers to stm32f4xx_it.o(i.DMA1_Stream1_IRQHandler) for DMA1_Stream1_IRQHandler
    startup_stm32f427xx.o(RESET) refers to stm32f4xx_it.o(i.DMA1_Stream3_IRQHandler) for DMA1_Stream3_IRQHandler
    startup_stm32f427xx.o(RESET) refers to stm32f4xx_it.o(i.CAN1_TX_IRQHandler) for CAN1_TX_IRQHandler
    startup_stm32f427xx.o(RESET) refers to stm32f4xx_it.o(i.CAN1_RX0_IRQHandler) for CAN1_RX0_IRQHandler
    startup_stm32f427xx.o(RESET) refers to stm32f4xx_it.o(i.USART3_IRQHandler) for USART3_IRQHandler
    startup_stm32f427xx.o(RESET) refers to stm32f4xx_it.o(i.CAN2_TX_IRQHandler) for CAN2_TX_IRQHandler
    startup_stm32f427xx.o(RESET) refers to stm32f4xx_it.o(i.CAN2_RX0_IRQHandler) for CAN2_RX0_IRQHandler
    startup_stm32f427xx.o(.text) refers (Special) to heapauxi.o(.text) for __use_two_region_memory
    startup_stm32f427xx.o(.text) refers to system_stm32f4xx.o(i.SystemInit) for SystemInit
    startup_stm32f427xx.o(.text) refers to __main.o(!!!main) for __main
    startup_stm32f427xx.o(.text) refers to startup_stm32f427xx.o(HEAP) for Heap_Mem
    startup_stm32f427xx.o(.text) refers to startup_stm32f427xx.o(STACK) for Stack_Mem
    main.o(i.SystemClock_Config) refers to rt_memclr_w.o(.text) for __aeabi_memclr4
    main.o(i.SystemClock_Config) refers to stm32f4xx_hal_rcc.o(i.HAL_RCC_OscConfig) for HAL_RCC_OscConfig
    main.o(i.SystemClock_Config) refers to stm32f4xx_hal_pwr_ex.o(i.HAL_PWREx_EnableOverDrive) for HAL_PWREx_EnableOverDrive
    main.o(i.SystemClock_Config) refers to stm32f4xx_hal_rcc.o(i.HAL_RCC_ClockConfig) for HAL_RCC_ClockConfig
    main.o(i.main) refers to stm32f4xx_hal.o(i.HAL_Init) for HAL_Init
    main.o(i.main) refers to main.o(i.SystemClock_Config) for SystemClock_Config
    main.o(i.main) refers to gpio.o(i.MX_GPIO_Init) for MX_GPIO_Init
    main.o(i.main) refers to dma.o(i.MX_DMA_Init) for MX_DMA_Init
    main.o(i.main) refers to can.o(i.MX_CAN1_Init) for MX_CAN1_Init
    main.o(i.main) refers to can.o(i.MX_CAN2_Init) for MX_CAN2_Init
    main.o(i.main) refers to usart.o(i.MX_USART3_UART_Init) for MX_USART3_UART_Init
    main.o(i.main) refers to init.o(i.device_init) for device_init
    main.o(i.main) refers to cmsis_os2.o(i.osKernelInitialize) for osKernelInitialize
    main.o(i.main) refers to freertos.o(i.MX_FREERTOS_Init) for MX_FREERTOS_Init
    main.o(i.main) refers to cmsis_os2.o(i.osKernelStart) for osKernelStart
    gpio.o(i.MX_GPIO_Init) refers to rt_memclr_w.o(.text) for __aeabi_memclr4
    gpio.o(i.MX_GPIO_Init) refers to stm32f4xx_hal_gpio.o(i.HAL_GPIO_WritePin) for HAL_GPIO_WritePin
    gpio.o(i.MX_GPIO_Init) refers to stm32f4xx_hal_gpio.o(i.HAL_GPIO_Init) for HAL_GPIO_Init
    freertos.o(i.MX_FREERTOS_Init) refers to cmsis_os2.o(i.osThreadNew) for osThreadNew
    freertos.o(i.MX_FREERTOS_Init) refers to freertos.o(.constdata) for .constdata
    freertos.o(i.MX_FREERTOS_Init) refers to infoproc.o(i.infoproc) for infoproc
    freertos.o(i.MX_FREERTOS_Init) refers to freertos.o(.data) for .data
    freertos.o(i.MX_FREERTOS_Init) refers to ctrltask.o(i.motorctrl) for motorctrl
    freertos.o(i.MX_FREERTOS_Init) refers to freertos.o(i.errordetect) for errordetect
    freertos.o(i.errordetect) refers to cmsis_os2.o(i.osDelay) for osDelay
    freertos.o(i.infoproc) refers to cmsis_os2.o(i.osDelay) for osDelay
    freertos.o(i.motorctrl) refers to cmsis_os2.o(i.osDelay) for osDelay
    freertos.o(.constdata) refers to freertos.o(.conststring) for .conststring
[...]
    prvTimerTask                             0x080040d1   Thumb Code    32  timers.o(i.prvTimerTask)
    i.prvUnlockQueue                         0x080040f4   Section        0  queue.o(i.prvUnlockQueue)
    prvUnlockQueue                           0x080040f5   Thumb Code   106  queue.o(i.prvUnlockQueue)
    i.pvPortMalloc                           0x08004160   Section        0  heap_4.o(i.pvPortMalloc)
    i.pxPortInitialiseStack                  0x0800423c   Section        0  port.o(i.pxPortInitialiseStack)
    i.sendmestopc                            0x08004268   Section        0  infoproc.o(i.sendmestopc)
    i.speedlimit                             0x08004434   Section        0  motorlib.o(i.speedlimit)
    i.uxListRemove                           0x08004444   Section        0  list.o(i.uxListRemove)
    i.vApplicationGetIdleTaskMemory          0x0800446c   Section        0  cmsis_os2.o(i.vApplicationGetIdleTaskMemory)
    i.vApplicationGetTimerTaskMemory         0x08004480   Section        0  cmsis_os2.o(i.vApplicationGetTimerTaskMemory)
    i.vListInitialise                        0x08004498   Section        0  list.o(i.vListInitialise)
    i.vListInitialiseItem                    0x080044ae   Section        0  list.o(i.vListInitialiseItem)
    i.vListInsert                            0x080044b4   Section        0  list.o(i.vListInsert)
    i.vListInsertEnd                         0x080044e4   Section        0  list.o(i.vListInsertEnd)
    i.vPortEnterCritical                     0x080044fc   Section        0  port.o(i.vPortEnterCritical)
    i.vPortExitCritical                      0x0800453c   Section        0  port.o(i.vPortExitCritical)
    i.vPortFree                              0x08004564   Section        0  heap_4.o(i.vPortFree)
    i.vPortSetupTimerInterrupt               0x080045c8   Section        0  port.o(i.vPortSetupTimerInterrupt)
    i.vPortValidateInterruptPriority         0x080045ec   Section        0  port.o(i.vPortValidateInterruptPriority)
    i.vQueueAddToRegistry                    0x08004640   Section        0  queue.o(i.vQueueAddToRegistry)
    i.vQueueWaitForMessageRestricted         0x08004668   Section        0  queue.o(i.vQueueWaitForMessageRestricted)
    i.vTaskDelay                             0x080046ac   Section        0  tasks.o(i.vTaskDelay)
    i.vTaskDelayUntil                        0x080046f8   Section        0  tasks.o(i.vTaskDelayUntil)
    i.vTaskInternalSetTimeOutState           0x08004784   Section        0  tasks.o(i.vTaskInternalSetTimeOutState)
    i.vTaskMissedYield                       0x08004794   Section        0  tasks.o(i.vTaskMissedYield)
    i.vTaskPlaceOnEventList                  0x080047a0   Section        0  tasks.o(i.vTaskPlaceOnEventList)
    i.vTaskPlaceOnEventListRestricted        0x080047d0   Section        0  tasks.o(i.vTaskPlaceOnEventListRestricted)
    i.vTaskStartScheduler                    0x08004808   Section        0  tasks.o(i.vTaskStartScheduler)
    i.vTaskSuspendAll                        0x08004890   Section        0  tasks.o(i.vTaskSuspendAll)
    i.vTaskSwitchContext                     0x080048a0   Section        0  tasks.o(i.vTaskSwitchContext)
    i.xPortStartScheduler                    0x08004904   Section        0  port.o(i.xPortStartScheduler)
    i.xPortSysTickHandler                    0x080049f8   Section        0  port.o(i.xPortSysTickHandler)
    i.xQueueGenericCreateStatic              0x08004a24   Section        0  queue.o(i.xQueueGenericCreateStatic)
    i.xQueueGenericReset                     0x08004a8c   Section        0  queue.o(i.xQueueGenericReset)
    i.xQueueGenericSend                      0x08004b14   Section        0  queue.o(i.xQueueGenericSend)
    i.xQueueGenericSendFromISR               0x08004c74   Section        0  queue.o(i.xQueueGenericSendFromISR)
    i.xQueueReceive                          0x08004d34   Section        0  queue.o(i.xQueueReceive)
    i.xTaskCheckForTimeOut                   0x08004e6c   Section        0  tasks.o(i.xTaskCheckForTimeOut)
    i.xTaskCreate                            0x08004ee0   Section        0  tasks.o(i.xTaskCreate)
    i.xTaskCreateStatic                      0x08004f3a   Section        0  tasks.o(i.xTaskCreateStatic)
    i.xTaskGetSchedulerState                 0x08004f90   Section        0  tasks.o(i.xTaskGetSchedulerState)
    i.xTaskGetTickCount                      0x08004fac   Section        0  tasks.o(i.xTaskGetTickCount)
    i.xTaskIncrementTick                     0x08004fb8   Section        0  tasks.o(i.xTaskIncrementTick)
    i.xTaskPriorityDisinherit                0x08005080   Section        0  tasks.o(i.xTaskPriorityDisinherit)
    i.xTaskRemoveFromEventList               0x08005100   Section        0  tasks.o(i.xTaskRemoveFromEventList)
    i.xTaskResumeAll                         0x08005170   Section        0  tasks.o(i.xTaskResumeAll)
    i.xTimerCreateTimerTask                  0x08005234   Section        0  timers.o(i.xTimerCreateTimerTask)
    i.xTimerGenericCommand                   0x08005294   Section        0  timers.o(i.xTimerGenericCommand)
    x$fpl$fpinit                             0x080052fc   Section       10  fpinit.o(x$fpl$fpinit)
    $v0                                      0x080052fc   Number         0  fpinit.o(x$fpl$fpinit)
    .constdata                               0x08005308   Section      108  freertos.o(.constdata)
    .constdata                               0x08005374   Section        8  stm32f4xx_hal_dma.o(.constdata)
    flagBitshiftOffset                       0x08005374   Data           8  stm32f4xx_hal_dma.o(.constdata)
    .constdata                               0x0800537c   Section       16  system_stm32f4xx.o(.constdata)
    .constdata                               0x0800538c   Section        8  system_stm32f4xx.o(.constdata)
    .conststring                             0x08005394   Section       35  freertos.o(.conststring)
    .data                                    0x20000000   Section       12  freertos.o(.data)
    .data                                    0x2000000c   Section        4  can.o(.data)
    HAL_RCC_CAN1_CLK_ENABLED                 0x2000000c   Data           4  can.o(.data)
    .data                                    0x20000010   Section       12  stm32f4xx_hal.o(.data)
    .data                                    0x2000001c   Section        4  system_stm32f4xx.o(.data)
    .data                                    0x20000020   Section       60  tasks.o(.data)
    uxDeletedTasksWaitingCleanUp             0x20000024   Data           4  tasks.o(.data)
    uxCurrentNumberOfTasks                   0x20000028   Data           4  tasks.o(.data)
    xTickCount                               0x2000002c   Data           4  tasks.o(.data)
    uxTopReadyPriority                       0x20000030   Data           4  tasks.o(.data)
    xSchedulerRunning                        0x20000034   Data           4  tasks.o(.data)
    xPendedTicks                             0x20000038   Data           4  tasks.o(.data)
    xYieldPending                            0x2000003c   Data           4  tasks.o(.data)
    xNumOfOverflows                          0x20000040   Data           4  tasks.o(.data)
    uxTaskNumber                             0x20000044   Data           4  tasks.o(.data)
    xNextTaskUnblockTime                     0x20000048   Data           4  tasks.o(.data)
    xIdleTaskHandle                          0x2000004c   Data           4  tasks.o(.data)
    uxSchedulerSuspended                     0x20000050   Data           4  tasks.o(.data)
    pxDelayedTaskList                        0x20000054   Data           4  tasks.o(.data)
    pxOverflowDelayedTaskList                0x20000058   Data           4  tasks.o(.data)
    .data                                    0x2000005c   Section       20  timers.o(.data)
    xTimerQueue                              0x2000005c   Data           4  timers.o(.data)
    xTimerTaskHandle                         0x20000060   Data           4  timers.o(.data)
    xLastTime                                0x20000064   Data           4  timers.o(.data)
    pxCurrentTimerList                       0x20000068   Data           4  timers.o(.data)
    pxOverflowTimerList                      0x2000006c   Data           4  timers.o(.data)
    .data                                    0x20000070   Section        4  cmsis_os2.o(.data)
    KernelState                              0x20000070   Data           4  cmsis_os2.o(.data)
    .data                                    0x20000074   Section       32  heap_4.o(.data)
    pxEnd                                    0x20000074   Data           4  heap_4.o(.data)
    xFreeBytesRemaining                      0x20000078   Data           4  heap_4.o(.data)
    xMinimumEverFreeBytesRemaining           0x2000007c   Data           4  heap_4.o(.data)
    xNumberOfSuccessfulAllocations           0x20000080   Data           4  heap_4.o(.data)
    xNumberOfSuccessfulFrees                 0x20000084   Data           4  heap_4.o(.data)
    xBlockAllocatedBit                       0x20000088   Data           4  heap_4.o(.data)
    xStart                                   0x2000008c   Data           8  heap_4.o(.data)
    .data                                    0x20000094   Section       12  port.o(.data)
    ucMaxSysCallPriority                     0x20000094   Data           1  port.o(.data)
    uxCriticalNesting                        0x20000098   Data           4  port.o(.data)
    ulMaxPRIGROUPValue                       0x2000009c   Data           4  port.o(.data)
    .data                                    0x200000a0   Section      936  ctrltask.o(.data)
    .data                                    0x20000448   Section       10  canbus.o(.data)
    CAN_tx_message                           0x2000044a   Data           8  canbus.o(.data)
    .data                                    0x20000452   Section        4  uart3.o(.data)
    this_time_rx_len                         0x20000454   Data           2  uart3.o(.data)
    .bss                                     0x20000458   Section       80  can.o(.bss)
    .bss                                     0x200004a8   Section       12  iwdg.o(.bss)
    .bss                                     0x200004b4   Section      260  usart.o(.bss)
    .bss                                     0x200005b8   Section       64  queue.o(.bss)
    .bss                                     0x200005f8   Section     1220  tasks.o(.bss)
    pxReadyTasksLists                        0x200005f8   Data        1120  tasks.o(.bss)
    xDelayedTaskList1                        0x20000a58   Data          20  tasks.o(.bss)
    xDelayedTaskList2                        0x20000a6c   Data          20  tasks.o(.bss)
    xPendingReadyList                        0x20000a80   Data          20  tasks.o(.bss)
    xTasksWaitingTermination                 0x20000a94   Data          20  tasks.o(.bss)
    xSuspendedTaskList                       0x20000aa8   Data          20  tasks.o(.bss)
    .bss                                     0x20000abc   Section      280  timers.o(.bss)
    xStaticTimerQueue                        0x20000abc   Data          80  timers.o(.bss)
    ucStaticTimerQueueStorage                0x20000b0c   Data         160  timers.o(.bss)
    xActiveTimerList1                        0x20000bac   Data          20  timers.o(.bss)
    xActiveTimerList2                        0x20000bc0   Data          20  timers.o(.bss)
    .bss                                     0x20000bd4   Section     1720  cmsis_os2.o(.bss)
    Idle_TCB                                 0x20000bd4   Data          92  cmsis_os2.o(.bss)
    Idle_Stack                               0x20000c30   Data         512  cmsis_os2.o(.bss)
    Timer_TCB                                0x20000e30   Data          92  cmsis_os2.o(.bss)
    Timer_Stack                              0x20000e8c   Data        1024  cmsis_os2.o(.bss)
    .bss                                     0x2000128c   Section    15360  heap_4.o(.bss)
    ucHeap                                   0x2000128c   Data       15360  heap_4.o(.bss)
    .bss                                     0x20004e8c   Section      104  infoproc.o(.bss)
    .bss                                     0x20004ef4   Section       24  canbus.o(.bss)
    CAN_tx                                   0x20004ef4   Data          24  canbus.o(.bss)
    .bss                                     0x20004f0c   Section      116  uart3.o(.bss)
    .bss                                     0x20004f80   Section       96  libspace.o(.bss)
    HEAP                                     0x20004fe0   Section      512  startup_stm32f427xx.o(HEAP)
    Heap_Mem                                 0x20004fe0   Data         512  startup_stm32f427xx.o(HEAP)
    STACK                                    0x200051e0   Section     1024  startup_stm32f427xx.o(STACK)
    Stack_Mem                                0x200051e0   Data        1024  startup_stm32f427xx.o(STACK)
    __initial_sp                             0x200055e0   Data           0  startup_stm32f427xx.o(STACK)

    Global Symbols

    Symbol Name                              Value     Ov Type        Size  Object(Section)

    BuildAttributes$$THM_ISAv4$E$P$D$K$B$S$7EM$VFPi3$EXTD16$VFPS$VFMA$PE$A:L22UL41UL21$X:L11$S22US41US21$IEEE1$IW$USESV6$~STKCKD$USESV7$~SHL$OTIME$ROPI$IEEEX$EBA8$UX$STANDARDLIB$REQ8$PRES8$EABIv2 0x00000000   Number         0  anon$$obj.o ABSOLUTE
    __ARM_use_no_argv                        0x00000000   Number         0  main.o ABSOLUTE
    __ARM_exceptions_init                     - Undefined Weak Reference
    __alloca_initialize                       - Undefined Weak Reference
    __arm_fini_                               - Undefined Weak Reference
    __arm_preinit_                            - Undefined Weak Reference
    __cpp_initialize__aeabi_                  - Undefined Weak Reference
    __cxa_finalize                            - Undefined Weak Reference
    __rt_locale                               - Undefined Weak Reference
    __sigvec_lookup                           - Undefined Weak Reference
    __user_heap_extent                        - Undefined Weak Reference
    _atexit_init                              - Undefined Weak Reference
    _call_atexit_fns                          - Undefined Weak Reference
    _clock_init                               - Undefined Weak Reference
    _fp_trap_init                             - Undefined Weak Reference
    _fp_trap_shutdown                         - Undefined Weak Reference
    _get_lc_collate                           - Undefined Weak Reference
    _get_lc_ctype                             - Undefined Weak Reference
    _get_lc_monetary                          - Undefined Weak Reference
    _get_lc_numeric                           - Undefined Weak Reference
    _get_lc_time                              - Undefined Weak Reference
    _getenv_init                              - Undefined Weak Reference
    _handle_redirection                       - Undefined Weak Reference
    _initio                                   - Undefined Weak Reference
    _mutex_acquire                            - Undefined Weak Reference
    _mutex_free                               - Undefined Weak Reference
    _mutex_release                            - Undefined Weak Reference
    _rand_init                                - Undefined Weak Reference
    _signal_finish                            - Undefined Weak Reference
    _signal_init                              - Undefined Weak Reference
    _terminateio                              - Undefined Weak Reference
    __Vectors_Size                           0x000001ac   Number         0  startup_stm32f427xx.o ABSOLUTE
    __Vectors                                0x08000000   Data           4  startup_stm32f427xx.o(RESET)
    __Vectors_End                            0x080001ac   Data           0  startup_stm32f427xx.o(RESET)
    __main                                   0x080001ad   Thumb Code     8  __main.o(!!!main)
    __scatterload                            0x080001b5   Thumb Code     0  __scatter.o(!!!scatter)
    __scatterload_rt2                        0x080001b5   Thumb Code    44  __scatter.o(!!!scatter)
    __scatterload_rt2_thumb_only             0x080001b5   Thumb Code     0  __scatter.o(!!!scatter)
    __scatterload_null                       0x080001c3   Thumb Code     0  __scatter.o(!!!scatter)
    __decompress                             0x080001e9   Thumb Code    90  __dczerorl2.o(!!dczerorl2)
    __decompress1                            0x080001e9   Thumb Code     0  __dczerorl2.o(!!dczerorl2)
    __scatterload_zeroinit                   0x08000245   Thumb Code    28  __scatter_zi.o(!!handler_zi)
    __rt_lib_init                            0x08000261   Thumb Code     0  libinit.o(.ARM.Collect$$libinit$$00000000)
    __rt_lib_init_fp_1                       0x08000263   Thumb Code     0  libinit2.o(.ARM.Collect$$libinit$$00000001)
    __rt_lib_init_alloca_1                   0x08000267   Thumb Code     0  libinit2.o(.ARM.Collect$$libinit$$0000002E)
    __rt_lib_init_argv_1                     0x08000267   Thumb Code     0  libinit2.o(.ARM.Collect$$libinit$$0000002C)
    __rt_lib_init_atexit_1                   0x08000267   Thumb Code     0  libinit2.o(.ARM.Collect$$libinit$$0000001B)
    __rt_lib_init_clock_1                    0x08000267   Thumb Code     0  libinit2.o(.ARM.Collect$$libinit$$00000021)
    __rt_lib_init_cpp_1                      0x08000267   Thumb Code     0  libinit2.o(.ARM.Collect$$libinit$$00000032)
    __rt_lib_init_exceptions_1               0x08000267   Thumb Code     0  libinit2.o(.ARM.Collect$$libinit$$00000030)
    __rt_lib_init_fp_trap_1                  0x08000267   Thumb Code     0  libinit2.o(.ARM.Collect$$libinit$$0000001F)
    __rt_lib_init_getenv_1                   0x08000267   Thumb Code     0  libinit2.o(.ARM.Collect$$libinit$$00000023)
    __rt_lib_init_heap_1                     0x08000267   Thumb Code     0  libinit2.o(.ARM.Collect$$libinit$$0000000A)
    __rt_lib_init_lc_collate_1               0x08000267   Thumb Code     0  libinit2.o(.ARM.Collect$$libinit$$00000011)
    __rt_lib_init_lc_ctype_1                 0x08000267   Thumb Code     0  libinit2.o(.ARM.Collect$$libinit$$00000013)
    __rt_lib_init_lc_monetary_1              0x08000267   Thumb Code     0  libinit2.o(.ARM.Collect$$libinit$$00000015)
    __rt_lib_init_lc_numeric_1               0x08000267   Thumb Code     0  libinit2.o(.ARM.Collect$$libinit$$00000017)
    __rt_lib_init_lc_time_1                  0x08000267   Thumb Code     0  libinit2.o(.ARM.Collect$$libinit$$00000019)
    __rt_lib_init_preinit_1                  0x08000267   Thumb Code     0  libinit2.o(.ARM.Collect$$libinit$$00000004)
    __rt_lib_init_rand_1                     0x08000267   Thumb Code     0  libinit2.o(.ARM.Collect$$libinit$$0000000E)
    __rt_lib_init_return                     0x08000267   Thumb Code     0  libinit2.o(.ARM.Collect$$libinit$$00000033)
    __rt_lib_init_signal_1                   0x08000267   Thumb Code     0  libinit2.o(.ARM.Collect$$libinit$$0000001D)
    __rt_lib_init_stdio_1                    0x08000267   Thumb Code     0  libinit2.o(.ARM.Collect$$libinit$$00000025)
    __rt_lib_init_user_alloc_1               0x08000267   Thumb Code     0  libinit2.o(.ARM.Collect$$libinit$$0000000C)
    __rt_lib_shutdown                        0x08000269   Thumb Code     0  libshutdown.o(.ARM.Collect$$libshutdown$$00000000)
    __rt_lib_shutdown_cpp_1                  0x0800026b   Thumb Code     0  libshutdown2.o(.ARM.Collect$$libshutdown$$00000004)
    __rt_lib_shutdown_fini_1                 0x0800026b   Thumb Code     0  libshutdown2.o(.ARM.Collect$$libshutdown$$00000002)
    __rt_lib_shutdown_fp_trap_1              0x0800026b   Thumb Code     0  libshutdown2.o(.ARM.Collect$$libshutdown$$00000009)
    __rt_lib_shutdown_heap_1                 0x0800026b   Thumb Code     0  libshutdown2.o(.ARM.Collect$$libshutdown$$00000011)
    __rt_lib_shutdown_return                 0x0800026b   Thumb Code     0  libshutdown2.o(.ARM.Collect$$libshutdown$$00000012)
    __rt_lib_shutdown_signal_1               0x0800026b   Thumb Code     0  libshutdown2.o(.ARM.Collect$$libshutdown$$0000000C)
    __rt_lib_shutdown_stdio_1                0x0800026b   Thumb Code     0  libshutdown2.o(.ARM.Collect$$libshutdown$$00000006)
    __rt_lib_shutdown_user_alloc_1           0x0800026b   Thumb Code     0  libshutdown2.o(.ARM.Collect$$libshutdown$$0000000E)
    __rt_entry                               0x0800026d   Thumb Code     0  __rtentry.o(.ARM.Collect$$rtentry$$00000000)
    __rt_entry_presh_1                       0x0800026d   Thumb Code     0  __rtentry2.o(.ARM.Collect$$rtentry$$00000002)
    __rt_entry_sh                            0x0800026d   Thumb Code     0  __rtentry4.o(.ARM.Collect$$rtentry$$00000004)
    __rt_entry_li                            0x08000273   Thumb Code     0  __rtentry2.o(.ARM.Collect$$rtentry$$0000000A)
    __rt_entry_postsh_1                      0x08000273   Thumb Code     0  __rtentry2.o(.ARM.Collect$$rtentry$$00000009)
    __rt_entry_main                          0x08000277   Thumb Code     0  __rtentry2.o(.ARM.Collect$$rtentry$$0000000D)
    __rt_entry_postli_1                      0x08000277   Thumb Code     0  __rtentry2.o(.ARM.Collect$$rtentry$$0000000C)
    __rt_exit                                0x0800027f   Thumb Code     0  rtexit.o(.ARM.Collect$$rtexit$$00000000)
    __rt_exit_ls                             0x08000281   Thumb Code     0  rtexit2.o(.ARM.Collect$$rtexit$$00000003)
    __rt_exit_prels_1                        0x08000281   Thumb Code     0  rtexit2.o(.ARM.Collect$$rtexit$$00000002)
    __rt_exit_exit                           0x08000285   Thumb Code     0  rtexit2.o(.ARM.Collect$$rtexit$$00000004)
    SVC_Handler                              0x0800028d   Thumb Code    28  port.o(.emb_text)
    __asm___6_port_c_39a90d8d__prvStartFirstTask 0x080002ad   Thumb Code    36  port.o(.emb_text)
    __asm___6_port_c_39a90d8d__prvEnableVFP  0x080002d5   Thumb Code    16  port.o(.emb_text)
    PendSV_Handler                           0x080002e9   Thumb Code    88  port.o(.emb_text)
    vPortGetIPSR                             0x08000345   Thumb Code     6  port.o(.emb_text)
    Reset_Handler                            0x0800034d   Thumb Code     8  startup_stm32f427xx.o(.text)
    ADC_IRQHandler                           0x08000367   Thumb Code     0  startup_stm32f427xx.o(.text)
    CAN1_RX1_IRQHandler                      0x08000367   Thumb Code     0  startup_stm32f427xx.o(.text)
    CAN1_SCE_IRQHandler                      0x08000367   Thumb Code     0  startup_stm32f427xx.o(.text)
    CAN2_RX1_IRQHandler                      0x08000367   Thumb Code     0  startup_stm32f427xx.o(.text)
    CAN2_SCE_IRQHandler                      0x08000367   Thumb Code     0  startup_stm32f427xx.o(.text)
    DCMI_IRQHandler                          0x08000367   Thumb Code     0  startup_stm32f427xx.o(.text)
    DMA1_Stream0_IRQHandler                  0x08000367   Thumb Code     0  startup_stm32f427xx.o(.text)
    DMA1_Stream2_IRQHandler                  0x08000367   Thumb Code     0  startup_stm32f427xx.o(.text)
    DMA1_Stream4_IRQHandler                  0x08000367   Thumb Code     0  startup_stm32f427xx.o(.text)
    DMA1_Stream5_IRQHandler                  0x08000367   Thumb Code     0  startup_stm32f427xx.o(.text)
    DMA1_Stream6_IRQHandler                  0x08000367   Thumb Code     0  startup_stm32f427xx.o(.text)
    DMA1_Stream7_IRQHandler                  0x08000367   Thumb Code     0  startup_stm32f427xx.o(.text)
    DMA2D_IRQHandler                         0x08000367   Thumb Code     0  startup_stm32f427xx.o(.text)
    DMA2_Stream0_IRQHandler                  0x08000367   Thumb Code     0  startup_stm32f427xx.o(.text)
    DMA2_Stream1_IRQHandler                  0x08000367   Thumb Code     0  startup_stm32f427xx.o(.text)
    DMA2_Stream2_IRQHandler                  0x08000367   Thumb Code     0  startup_stm32f427xx.o(.text)
    DMA2_Stream3_IRQHandler                  0x08000367   Thumb Code     0  startup_stm32f427xx.o(.text)
    DMA2_Stream4_IRQHandler                  0x08000367   Thumb Code     0  startup_stm32f427xx.o(.text)
    DMA2_Stream5_IRQHandler                  0x08000367   Thumb Code     0  startup_stm32f427xx.o(.text)
    DMA2_Stream6_IRQHandler                  0x08000367   Thumb Code     0  startup_stm32f427xx.o(.text)
    DMA2_Stream7_IRQHandler                  0x08000367   Thumb Code     0  startup_stm32f427xx.o(.text)
    ETH_IRQHandler                           0x08000367   Thumb Code     0  startup_stm32f427xx.o(.text)
    ETH_WKUP_IRQHandler                      0x08000367   Thumb Code     0  startup_stm32f427xx.o(.text)
    EXTI0_IRQHandler                         0x08000367   Thumb Code     0  startup_stm32f427xx.o(.text)
    EXTI15_10_IRQHandler                     0x08000367   Thumb Code     0  startup_stm32f427xx.o(.text)
    EXTI1_IRQHandler                         0x08000367   Thumb Code     0  startup_stm32f427xx.o(.text)
    EXTI2_IRQHandler                         0x08000367   Thumb Code     0  startup_stm32f427xx.o(.text)
    EXTI3_IRQHandler                         0x08000367   Thumb Code     0  startup_stm32f427xx.o(.text)
    EXTI4_IRQHandler                         0x08000367   Thumb Code     0  startup_stm32f427xx.o(.text)
    EXTI9_5_IRQHandler                       0x08000367   Thumb Code     0  startup_stm32f427xx.o(.text)
    FLASH_IRQHandler                         0x08000367   Thumb Code     0  startup_stm32f427xx.o(.text)
    FMC_IRQHandler                           0x08000367   Thumb Code     0  startup_stm32f427xx.o(.text)
    FPU_IRQHandler                           0x08000367   Thumb Code     0  startup_stm32f427xx.o(.text)
    HASH_RNG_IRQHandler                      0x08000367   Thumb Code     0  startup_stm32f427xx.o(.text)
    I2C1_ER_IRQHandler                       0x08000367   Thumb Code     0  startup_stm32f427xx.o(.text)
    I2C1_EV_IRQHandler                       0x08000367   Thumb Code     0  startup_stm32f427xx.o(.text)
    I2C2_ER_IRQHandler                       0x08000367   Thumb Code     0  startup_stm32f427xx.o(.text)
    I2C2_EV_IRQHandler                       0x08000367   Thumb Code     0  startup_stm32f427xx.o(.text)
    I2C3_ER_IRQHandler                       0x08000367   Thumb Code     0  startup_stm32f427xx.o(.text)
    I2C3_EV_IRQHandler                       0x08000367   Thumb Code     0  startup_stm32f427xx.o(.text)
    OTG_FS_IRQHandler                        0x08000367   Thumb Code     0  startup_stm32f427xx.o(.text)
    OTG_FS_WKUP_IRQHandler                   0x08000367   Thumb Code     0  startup_stm32f427xx.o(.text)
    OTG_HS_EP1_IN_IRQHandler                 0x08000367   Thumb Code     0  startup_stm32f427xx.o(.text)
    OTG_HS_EP1_OUT_IRQHandler                0x08000367   Thumb Code     0  startup_stm32f427xx.o(.text)
    OTG_HS_IRQHandler                        0x08000367   Thumb Code     0  startup_stm32f427xx.o(.text)
    OTG_HS_WKUP_IRQHandler                   0x08000367   Thumb Code     0  startup_stm32f427xx.o(.text)
    PVD_IRQHandler                           0x08000367   Thumb Code     0  startup_stm32f427xx.o(.text)
    RCC_IRQHandler                           0x08000367   Thumb Code     0  startup_stm32f427xx.o(.text)
    RTC_Alarm_IRQHandler                     0x08000367   Thumb Code     0  startup_stm32f427xx.o(.text)
    RTC_WKUP_IRQHandler                      0x08000367   Thumb Code     0  startup_stm32f427xx.o(.text)
    SAI1_IRQHandler                          0x08000367   Thumb Code     0  startup_stm32f427xx.o(.text)
    SDIO_IRQHandler                          0x08000367   Thumb Code     0  startup_stm32f427xx.o(.text)
    SPI1_IRQHandler                          0x08000367   Thumb Code     0  startup_stm32f427xx.o(.text)
    SPI2_IRQHandler                          0x08000367   Thumb Code     0  startup_stm32f427xx.o(.text)
    SPI3_IRQHandler                          0x08000367   Thumb Code     0  startup_stm32f427xx.o(.text)
    SPI4_IRQHandler                          0x08000367   Thumb Code     0  startup_stm32f427xx.o(.text)
    SPI5_IRQHandler                          0x08000367   Thumb Code     0  startup_stm32f427xx.o(.text)
    SPI6_IRQHandler                          0x08000367   Thumb Code     0  startup_stm32f427xx.o(.text)
    TAMP_STAMP_IRQHandler                    0x08000367   Thumb Code     0  startup_stm32f427xx.o(.text)
    TIM1_BRK_TIM9_IRQHandler                 0x08000367   Thumb Code     0  startup_stm32f427xx.o(.text)
    TIM1_CC_IRQHandler                       0x08000367   Thumb Code     0  startup_stm32f427xx.o(.text)
    TIM1_TRG_COM_TIM11_IRQHandler            0x08000367   Thumb Code     0  startup_stm32f427xx.o(.text)
    TIM1_UP_TIM10_IRQHandler                 0x08000367   Thumb Code     0  startup_stm32f427xx.o(.text)
    TIM2_IRQHandler                          0x08000367   Thumb Code     0  startup_stm32f427xx.o(.text)
    TIM3_IRQHandler                          0x08000367   Thumb Code     0  startup_stm32f427xx.o(.text)
    TIM4_IRQHandler                          0x08000367   Thumb Code     0  startup_stm32f427xx.o(.text)
    TIM5_IRQHandler                          0x08000367   Thumb Code     0  startup_stm32f427xx.o(.text)
    TIM6_DAC_IRQHandler                      0x08000367   Thumb Code     0  startup_stm32f427xx.o(.text)
    TIM7_IRQHandler                          0x08000367   Thumb Code     0  startup_stm32f427xx.o(.text)
    TIM8_BRK_TIM12_IRQHandler                0x08000367   Thumb Code     0  startup_stm32f427xx.o(.text)
    TIM8_CC_IRQHandler                       0x08000367   Thumb Code     0  startup_stm32f427xx.o(.text)
    TIM8_TRG_COM_TIM14_IRQHandler            0x08000367   Thumb Code     0  startup_stm32f427xx.o(.text)
    TIM8_UP_TIM13_IRQHandler                 0x08000367   Thumb Code     0  startup_stm32f427xx.o(.text)
    UART4_IRQHandler                         0x08000367   Thumb Code     0  startup_stm32f427xx.o(.text)
    UART5_IRQHandler                         0x08000367   Thumb Code     0  startup_stm32f427xx.o(.text)
    UART7_IRQHandler                         0x08000367   Thumb Code     0  startup_stm32f427xx.o(.text)
    UART8_IRQHandler                         0x08000367   Thumb Code     0  startup_stm32f427xx.o(.text)
    USART1_IRQHandler                        0x08000367   Thumb Code     0  startup_stm32f427xx.o(.text)
    USART2_IRQHandler                        0x08000367   Thumb Code     0  startup_stm32f427xx.o(.text)
    USART6_IRQHandler                        0x08000367   Thumb Code     0  startup_stm32f427xx.o(.text)
    WWDG_IRQHandler                          0x08000367   Thumb Code     0  startup_stm32f427xx.o(.text)
    __user_initial_stackheap                 0x08000369   Thumb Code     0  startup_stm32f427xx.o(.text)
    __aeabi_uldivmod                         0x0800038d   Thumb Code     0  lludivv7m.o(.text)
    _ll_udiv                                 0x0800038d   Thumb Code   238  lludivv7m.o(.text)
    __aeabi_memcpy                           0x0800047b   Thumb Code     0  rt_memcpy_v6.o(.text)
    __rt_memcpy                              0x0800047b   Thumb Code   138  rt_memcpy_v6.o(.text)
    _memcpy_lastbytes                        0x080004e1   Thumb Code     0  rt_memcpy_v6.o(.text)
    __aeabi_memcpy4                          0x08000505   Thumb Code     0  rt_memcpy_w.o(.text)
    __aeabi_memcpy8                          0x08000505   Thumb Code     0  rt_memcpy_w.o(.text)
    __rt_memcpy_w                            0x08000505   Thumb Code   100  rt_memcpy_w.o(.text)
    _memcpy_lastbytes_aligned                0x0800054d   Thumb Code     0  rt_memcpy_w.o(.text)
    __aeabi_memset                           0x08000569   Thumb Code    16  aeabi_memset.o(.text)
    __aeabi_memclr4                          0x08000579   Thumb Code     0  rt_memclr_w.o(.text)
    __aeabi_memclr8                          0x08000579   Thumb Code     0  rt_memclr_w.o(.text)
    __rt_memclr_w                            0x08000579   Thumb Code    78  rt_memclr_w.o(.text)
    _memset_w                                0x0800057d   Thumb Code     0  rt_memclr_w.o(.text)
    __use_two_region_memory                  0x080005c7   Thumb Code     2  heapauxi.o(.text)
    __rt_heap_escrow                         0x080005c9   Thumb Code     2  heapauxi.o(.text)
    __rt_heap_expand                         0x080005cb   Thumb Code     2  heapauxi.o(.text)
    __aeabi_memclr                           0x080005cd   Thumb Code     0  rt_memclr.o(.text)
    __rt_memclr                              0x080005cd   Thumb Code    68  rt_memclr.o(.text)
    _memset                                  0x080005d1   Thumb Code     0  rt_memclr.o(.text)
    __user_libspace                          0x08000611   Thumb Code     8  libspace.o(.text)
    __user_perproc_libspace                  0x08000611   Thumb Code     0  libspace.o(.text)
    __user_perthread_libspace                0x08000611   Thumb Code     0  libspace.o(.text)
    __I$use$semihosting                      0x08000619   Thumb Code     0  use_no_semi.o(.text)
    __use_no_semihosting_swi                 0x08000619   Thumb Code     2  use_no_semi.o(.text)
    __semihosting_library_function           0x0800061b   Thumb Code     0  indicate_semi.o(.text)
    __user_setup_stackheap                   0x0800061b   Thumb Code    74  sys_stackheap_outer.o(.text)
    exit                                     0x08000665   Thumb Code    18  exit.o(.text)
    _sys_exit                                0x08000679   Thumb Code     8  sys_exit.o(.text)
    BusFault_Handler                         0x08000685   Thumb Code     2  stm32f4xx_it.o(i.BusFault_Handler)
    CAN1_RX0_IRQHandler                      0x08000689   Thumb Code     6  stm32f4xx_it.o(i.CAN1_RX0_IRQHandler)
    CAN1_TX_IRQHandler                       0x08000695   Thumb Code     6  stm32f4xx_it.o(i.CAN1_TX_IRQHandler)
    CAN2_RX0_IRQHandler                      0x080006a1   Thumb Code     6  stm32f4xx_it.o(i.CAN2_RX0_IRQHandler)
    CAN2_TX_IRQHandler                       0x080006ad   Thumb Code     6  stm32f4xx_it.o(i.CAN2_TX_IRQHandler)
    CAN_send                                 0x080006b9   Thumb Code    92  canbus.o(i.CAN_send)
    DMA1_Stream1_IRQHandler                  0x0800071d   Thumb Code     6  stm32f4xx_it.o(i.DMA1_Stream1_IRQHandler)
    DMA1_Stream3_IRQHandler                  0x08000729   Thumb Code     6  stm32f4xx_it.o(i.DMA1_Stream3_IRQHandler)
    DMA_RX_INIT                              0x080007b1   Thumb Code    88  dma_bsp.o(i.DMA_RX_INIT)
    DebugMon_Handler                         0x08000831   Thumb Code     2  stm32f4xx_it.o(i.DebugMon_Handler)
    Error_Handler                            0x08000833   Thumb Code     4  main.o(i.Error_Handler)
    HAL_CAN_ActivateNotification             0x08000837   Thumb Code    36  stm32f4xx_hal_can.o(i.HAL_CAN_ActivateNotification)
    HAL_CAN_AddTxMessage                     0x0800085b   Thumb Code   220  stm32f4xx_hal_can.o(i.HAL_CAN_AddTxMessage)
    HAL_CAN_ConfigFilter                     0x08000939   Thumb Code   262  stm32f4xx_hal_can.o(i.HAL_CAN_ConfigFilter)
    HAL_CAN_ErrorCallback                    0x08000a45   Thumb Code     2  stm32f4xx_hal_can.o(i.HAL_CAN_ErrorCallback)
    HAL_CAN_GetRxMessage                     0x08000a47   Thumb Code   232  stm32f4xx_hal_can.o(i.HAL_CAN_GetRxMessage)
    HAL_CAN_IRQHandler                       0x08000b2f   Thumb Code   508  stm32f4xx_hal_can.o(i.HAL_CAN_IRQHandler)
    HAL_CAN_Init                             0x08000d2b   Thumb Code   282  stm32f4xx_hal_can.o(i.HAL_CAN_Init)
    HAL_CAN_IsTxMessagePending               0x08000e45   Thumb Code    30  stm32f4xx_hal_can.o(i.HAL_CAN_IsTxMessagePending)
    HAL_CAN_MspInit                          0x08000e65   Thumb Code   260  can.o(i.HAL_CAN_MspInit)
    HAL_CAN_RxFifo0FullCallback              0x08000f81   Thumb Code     2  stm32f4xx_hal_can.o(i.HAL_CAN_RxFifo0FullCallback)
    HAL_CAN_RxFifo0MsgPendingCallback        0x08000f85   Thumb Code   104  canbus.o(i.HAL_CAN_RxFifo0MsgPendingCallback)
    HAL_CAN_RxFifo1FullCallback              0x08001005   Thumb Code     2  stm32f4xx_hal_can.o(i.HAL_CAN_RxFifo1FullCallback)
    HAL_CAN_RxFifo1MsgPendingCallback        0x08001007   Thumb Code     2  stm32f4xx_hal_can.o(i.HAL_CAN_RxFifo1MsgPendingCallback)
    HAL_CAN_SleepCallback                    0x08001009   Thumb Code     2  stm32f4xx_hal_can.o(i.HAL_CAN_SleepCallback)
    HAL_CAN_Start                            0x0800100d   Thumb Code    88  stm32f4xx_hal_can.o(i.HAL_CAN_Start)
    HAL_CAN_TxMailbox0AbortCallback          0x08001065   Thumb Code     2  stm32f4xx_hal_can.o(i.HAL_CAN_TxMailbox0AbortCallback)
    HAL_CAN_TxMailbox0CompleteCallback       0x08001067   Thumb Code     2  stm32f4xx_hal_can.o(i.HAL_CAN_TxMailbox0CompleteCallback)
    HAL_CAN_TxMailbox1AbortCallback          0x08001069   Thumb Code     2  stm32f4xx_hal_can.o(i.HAL_CAN_TxMailbox1AbortCallback)
    HAL_CAN_TxMailbox1CompleteCallback       0x0800106b   Thumb Code     2  stm32f4xx_hal_can.o(i.HAL_CAN_TxMailbox1CompleteCallback)
    HAL_CAN_TxMailbox2AbortCallback          0x0800106d   Thumb Code     2  stm32f4xx_hal_can.o(i.HAL_CAN_TxMailbox2AbortCallback)
    HAL_CAN_TxMailbox2CompleteCallback       0x0800106f   Thumb Code     2  stm32f4xx_hal_can.o(i.HAL_CAN_TxMailbox2CompleteCallback)
    HAL_CAN_WakeUpFromRxMsgCallback          0x08001071   Thumb Code     2  stm32f4xx_hal_can.o(i.HAL_CAN_WakeUpFromRxMsgCallback)
    HAL_DMA_Abort                            0x08001073   Thumb Code   146  stm32f4xx_hal_dma.o(i.HAL_DMA_Abort)
    HAL_DMA_Abort_IT                         0x08001105   Thumb Code    36  stm32f4xx_hal_dma.o(i.HAL_DMA_Abort_IT)
    HAL_DMA_IRQHandler                       0x08001129   Thumb Code   412  stm32f4xx_hal_dma.o(i.HAL_DMA_IRQHandler)
    HAL_DMA_Init                             0x080012c9   Thumb Code   206  stm32f4xx_hal_dma.o(i.HAL_DMA_Init)
    HAL_DMA_Start_IT                         0x0800139d   Thumb Code   110  stm32f4xx_hal_dma.o(i.HAL_DMA_Start_IT)
    HAL_GPIO_Init                            0x0800140d   Thumb Code   510  stm32f4xx_hal_gpio.o(i.HAL_GPIO_Init)
    HAL_GPIO_WritePin                        0x08001641   Thumb Code    10  stm32f4xx_hal_gpio.o(i.HAL_GPIO_WritePin)
    HAL_GetTick                              0x0800164d   Thumb Code     6  stm32f4xx_hal.o(i.HAL_GetTick)
    HAL_IWDG_Init                            0x08001659   Thumb Code    90  stm32f4xx_hal_iwdg.o(i.HAL_IWDG_Init)
    HAL_IWDG_Refresh                         0x080016b3   Thumb Code    12  stm32f4xx_hal_iwdg.o(i.HAL_IWDG_Refresh)
    HAL_IncTick                              0x080016c1   Thumb Code    12  stm32f4xx_hal.o(i.HAL_IncTick)
    HAL_Init                                 0x080016d1   Thumb Code    48  stm32f4xx_hal.o(i.HAL_Init)
    HAL_InitTick                             0x08001705   Thumb Code    54  stm32f4xx_hal.o(i.HAL_InitTick)
    HAL_MspInit                              0x08001745   Thumb Code    52  stm32f4xx_hal_msp.o(i.HAL_MspInit)
    HAL_NVIC_EnableIRQ                       0x0800177d   Thumb Code    26  stm32f4xx_hal_cortex.o(i.HAL_NVIC_EnableIRQ)
    HAL_NVIC_SetPriority                     0x08001799   Thumb Code    60  stm32f4xx_hal_cortex.o(i.HAL_NVIC_SetPriority)
    HAL_NVIC_SetPriorityGrouping             0x080017d9   Thumb Code    26  stm32f4xx_hal_cortex.o(i.HAL_NVIC_SetPriorityGrouping)
    HAL_PWREx_EnableOverDrive                0x080017fd   Thumb Code    98  stm32f4xx_hal_pwr_ex.o(i.HAL_PWREx_EnableOverDrive)
    HAL_RCC_ClockConfig                      0x0800186d   Thumb Code   288  stm32f4xx_hal_rcc.o(i.HAL_RCC_ClockConfig)
    HAL_RCC_GetPCLK1Freq                     0x080019a1   Thumb Code    20  stm32f4xx_hal_rcc.o(i.HAL_RCC_GetPCLK1Freq)
    HAL_RCC_GetPCLK2Freq                     0x080019c1   Thumb Code    20  stm32f4xx_hal_rcc.o(i.HAL_RCC_GetPCLK2Freq)
    HAL_RCC_GetSysClockFreq                  0x080019e1   Thumb Code    88  stm32f4xx_hal_rcc.o(i.HAL_RCC_GetSysClockFreq)
    HAL_RCC_OscConfig                        0x08001a45   Thumb Code   856  stm32f4xx_hal_rcc.o(i.HAL_RCC_OscConfig)
    HAL_SYSTICK_Config                       0x08001db1   Thumb Code    40  stm32f4xx_hal_cortex.o(i.HAL_SYSTICK_Config)
    HAL_UARTEx_RxEventCallback               0x08001dd9   Thumb Code     2  stm32f4xx_hal_uart.o(i.HAL_UARTEx_RxEventCallback)
    HAL_UART_DMAPause                        0x08001ddb   Thumb Code   146  stm32f4xx_hal_uart.o(i.HAL_UART_DMAPause)
    HAL_UART_DMAResume                       0x08001e6d   Thumb Code   136  stm32f4xx_hal_uart.o(i.HAL_UART_DMAResume)
    HAL_UART_ErrorCallback                   0x08001ef5   Thumb Code     2  stm32f4xx_hal_uart.o(i.HAL_UART_ErrorCallback)
    HAL_UART_IRQHandler                      0x08001ef9   Thumb Code   610  stm32f4xx_hal_uart.o(i.HAL_UART_IRQHandler)
    HAL_UART_Init                            0x08002161   Thumb Code    98  stm32f4xx_hal_uart.o(i.HAL_UART_Init)
    HAL_UART_MspInit                         0x080021c5   Thumb Code   222  usart.o(i.HAL_UART_MspInit)
    HAL_UART_RxCpltCallback                  0x080022b9   Thumb Code     2  stm32f4xx_hal_uart.o(i.HAL_UART_RxCpltCallback)
    HAL_UART_Transmit_DMA                    0x080022bd   Thumb Code   126  stm32f4xx_hal_uart.o(i.HAL_UART_Transmit_DMA)
    HAL_UART_TxCpltCallback                  0x08002349   Thumb Code     2  stm32f4xx_hal_uart.o(i.HAL_UART_TxCpltCallback)
    HAL_UART_TxHalfCpltCallback              0x0800234b   Thumb Code     2  stm32f4xx_hal_uart.o(i.HAL_UART_TxHalfCpltCallback)
    HardFault_Handler                        0x0800234d   Thumb Code     2  stm32f4xx_it.o(i.HardFault_Handler)
    MX_CAN1_Init                             0x08002351   Thumb Code    58  can.o(i.MX_CAN1_Init)
    MX_CAN2_Init                             0x08002395   Thumb Code    58  can.o(i.MX_CAN2_Init)
    MX_DMA_Init                              0x080023d9   Thumb Code    56  dma.o(i.MX_DMA_Init)
    MX_FREERTOS_Init                         0x08002415   Thumb Code    46  freertos.o(i.MX_FREERTOS_Init)
    MX_GPIO_Init                             0x08002459   Thumb Code   118  gpio.o(i.MX_GPIO_Init)
    MX_IWDG_Init                             0x080024d9   Thumb Code    36  iwdg.o(i.MX_IWDG_Init)
    MX_USART3_UART_Init                      0x08002505   Thumb Code    48  usart.o(i.MX_USART3_UART_Init)
    MemManage_Handler                        0x0800253d   Thumb Code     2  stm32f4xx_it.o(i.MemManage_Handler)
    NMI_Handler                              0x0800253f   Thumb Code     2  stm32f4xx_it.o(i.NMI_Handler)
    PID_angle_calc                           0x08002541   Thumb Code   300  pid.o(i.PID_angle_calc)
    PID_calc                                 0x08002671   Thumb Code   254  pid.o(i.PID_calc)
    PID_clear                                0x08002771   Thumb Code    38  pid.o(i.PID_clear)
    RX_Decoder                               0x0800279d   Thumb Code   444  uart3.o(i.RX_Decoder)
    SysTick_Handler                          0x0800295d   Thumb Code    24  stm32f4xx_it.o(i.SysTick_Handler)
    SystemClock_Config                       0x08002975   Thumb Code   156  main.o(i.SystemClock_Config)
    SystemInit                               0x08002a19   Thumb Code    12  system_stm32f4xx.o(i.SystemInit)
    USART3_IRQHandler                        0x08002d05   Thumb Code    16  stm32f4xx_it.o(i.USART3_IRQHandler)
    USART3_inIRQHandler                      0x08002d19   Thumb Code   158  uart3.o(i.USART3_inIRQHandler)
    UsageFault_Handler                       0x08002dcd   Thumb Code     2  stm32f4xx_it.o(i.UsageFault_Handler)
    Ut_init                                  0x08002dd1   Thumb Code    22  uart3.o(i.Ut_init)
    anglelimit                               0x08002e15   Thumb Code    32  motorlib.o(i.anglelimit)
    can_filter_init                          0x08002e35   Thumb Code    80  canbus.o(i.can_filter_init)
    canrxtomotinfo                           0x08002e8d   Thumb Code   152  motorlib.o(i.canrxtomotinfo)
    claw2motorinfo                           0x08002f31   Thumb Code    72  infoproc.o(i.claw2motorinfo)
    command2clawinfo                         0x08002f79   Thumb Code   694  infoproc.o(i.command2clawinfo)
    currentlimit                             0x0800325d   Thumb Code    36  motorlib.o(i.currentlimit)
    device_init                              0x08003281   Thumb Code    82  init.o(i.device_init)
    errordetect                              0x080032e1   Thumb Code    10  freertos.o(i.errordetect)
    gearmotor_angledecoder                   0x080032ed   Thumb Code   172  motorlib.o(i.gearmotor_angledecoder)
    gearmotor_angledecoder_sum               0x080033ad   Thumb Code   112  motorlib.o(i.gearmotor_angledecoder_sum)
    infoproc                                 0x08003429   Thumb Code    70  infoproc.o(i.infoproc)
    main                                     0x0800347d   Thumb Code    46  main.o(i.main)
    motaspid_calc                            0x080034ad   Thumb Code   168  motorlib.o(i.motaspid_calc)
    motcurrentsensor                         0x0800355d   Thumb Code   140  motorlib.o(i.motcurrentsensor)
    motor2clawinfo                           0x080035e9   Thumb Code   266  infoproc.o(i.motor2clawinfo)
    motorctrl                                0x08003705   Thumb Code   374  ctrltask.o(i.motorctrl)
    osDelay                                  0x0800389d   Thumb Code    26  cmsis_os2.o(i.osDelay)
    osDelayUntil                             0x080038b7   Thumb Code    46  cmsis_os2.o(i.osDelayUntil)
    osKernelInitialize                       0x080038e5   Thumb Code    32  cmsis_os2.o(i.osKernelInitialize)
    osKernelStart                            0x08003909   Thumb Code    48  cmsis_os2.o(i.osKernelStart)
    osThreadNew                              0x08003941   Thumb Code   138  cmsis_os2.o(i.osThreadNew)
    pvPortMalloc                             0x08004161   Thumb Code   216  heap_4.o(i.pvPortMalloc)
    pxPortInitialiseStack                    0x0800423d   Thumb Code    40  port.o(i.pxPortInitialiseStack)
    sendmestopc                              0x08004269   Thumb Code   448  infoproc.o(i.sendmestopc)
    speedlimit                               0x08004435   Thumb Code    16  motorlib.o(i.speedlimit)
    uxListRemove                             0x08004445   Thumb Code    38  list.o(i.uxListRemove)
    vApplicationGetIdleTaskMemory            0x0800446d   Thumb Code    16  cmsis_os2.o(i.vApplicationGetIdleTaskMemory)
    vApplicationGetTimerTaskMemory           0x08004481   Thumb Code    18  cmsis_os2.o(i.vApplicationGetTimerTaskMemory)
    vListInitialise                          0x08004499   Thumb Code    22  list.o(i.vListInitialise)
    vListInitialiseItem                      0x080044af   Thumb Code     6  list.o(i.vListInitialiseItem)
    vListInsert                              0x080044b5   Thumb Code    48  list.o(i.vListInsert)
    vListInsertEnd                           0x080044e5   Thumb Code    24  list.o(i.vListInsertEnd)
    vPortEnterCritical                       0x080044fd   Thumb Code    54  port.o(i.vPortEnterCritical)
    vPortExitCritical                        0x0800453d   Thumb Code    34  port.o(i.vPortExitCritical)
    vPortFree                                0x08004565   Thumb Code    94  heap_4.o(i.vPortFree)
    vPortSetupTimerInterrupt                 0x080045c9   Thumb Code    32  port.o(i.vPortSetupTimerInterrupt)
    vPortValidateInterruptPriority           0x080045ed   Thumb Code    74  port.o(i.vPortValidateInterruptPriority)
    vQueueAddToRegistry                      0x08004641   Thumb Code    34  queue.o(i.vQueueAddToRegistry)
    vQueueWaitForMessageRestricted           0x08004669   Thumb Code    68  queue.o(i.vQueueWaitForMessageRestricted)
    vTaskDelay                               0x080046ad   Thumb Code    66  tasks.o(i.vTaskDelay)
    vTaskDelayUntil                          0x080046f9   Thumb Code   132  tasks.o(i.vTaskDelayUntil)
    vTaskInternalSetTimeOutState             0x08004785   Thumb Code    12  tasks.o(i.vTaskInternalSetTimeOutState)
    vTaskMissedYield                         0x08004795   Thumb Code     8  tasks.o(i.vTaskMissedYield)
    vTaskPlaceOnEventList                    0x080047a1   Thumb Code    44  tasks.o(i.vTaskPlaceOnEventList)
    vTaskPlaceOnEventListRestricted          0x080047d1   Thumb Code    52  tasks.o(i.vTaskPlaceOnEventListRestricted)
    vTaskStartScheduler                      0x08004809   Thumb Code   118  tasks.o(i.vTaskStartScheduler)
    vTaskSuspendAll                          0x08004891   Thumb Code    10  tasks.o(i.vTaskSuspendAll)
    vTaskSwitchContext                       0x080048a1   Thumb Code    90  tasks.o(i.vTaskSwitchContext)
    xPortStartScheduler                      0x08004905   Thumb Code   222  port.o(i.xPortStartScheduler)
    xPortSysTickHandler                      0x080049f9   Thumb Code    38  port.o(i.xPortSysTickHandler)
    xQueueGenericCreateStatic                0x08004a25   Thumb Code   102  queue.o(i.xQueueGenericCreateStatic)
    xQueueGenericReset                       0x08004a8d   Thumb Code   132  queue.o(i.xQueueGenericReset)
    xQueueGenericSend                        0x08004b15   Thumb Code   346  queue.o(i.xQueueGenericSend)
    xQueueGenericSendFromISR                 0x08004c75   Thumb Code   190  queue.o(i.xQueueGenericSendFromISR)
    xQueueReceive                            0x08004d35   Thumb Code   308  queue.o(i.xQueueReceive)
    xTaskCheckForTimeOut                     0x08004e6d   Thumb Code   112  tasks.o(i.xTaskCheckForTimeOut)
    xTaskCreate                              0x08004ee1   Thumb Code    90  tasks.o(i.xTaskCreate)
    xTaskCreateStatic                        0x08004f3b   Thumb Code    86  tasks.o(i.xTaskCreateStatic)
    xTaskGetSchedulerState                   0x08004f91   Thumb Code    22  tasks.o(i.xTaskGetSchedulerState)
    xTaskGetTickCount                        0x08004fad   Thumb Code     6  tasks.o(i.xTaskGetTickCount)
    xTaskIncrementTick                       0x08004fb9   Thumb Code   192  tasks.o(i.xTaskIncrementTick)
    xTaskPriorityDisinherit                  0x08005081   Thumb Code   118  tasks.o(i.xTaskPriorityDisinherit)
    xTaskRemoveFromEventList                 0x08005101   Thumb Code    98  tasks.o(i.xTaskRemoveFromEventList)
    xTaskResumeAll                           0x08005171   Thumb Code   182  tasks.o(i.xTaskResumeAll)
    xTimerCreateTimerTask                    0x08005235   Thumb Code    78  timers.o(i.xTimerCreateTimerTask)
    xTimerGenericCommand                     0x08005295   Thumb Code    98  timers.o(i.xTimerGenericCommand)
    _fp_init                                 0x080052fd   Thumb Code    10  fpinit.o(x$fpl$fpinit)
    __fplib_config_fpu_vfp                   0x08005305   Thumb Code     0  fpinit.o(x$fpl$fpinit)
    __fplib_config_pureend_doubles           0x08005305   Thumb Code     0  fpinit.o(x$fpl$fpinit)
    infotask_attributes                      0x08005308   Data          36  freertos.o(.constdata)
    ctrltask_attributes                      0x0800532c   Data          36  freertos.o(.constdata)
    detecttask_attributes                    0x08005350   Data          36  freertos.o(.constdata)
    AHBPrescTable                            0x0800537c   Data          16  system_stm32f4xx.o(.constdata)
    APBPrescTable                            0x0800538c   Data           8  system_stm32f4xx.o(.constdata)
    Region$$Table$$Base                      0x080053b8   Number         0  anon$$obj.o(Region$$Table)
    Region$$Table$$Limit                     0x080053d8   Number         0  anon$$obj.o(Region$$Table)
    infotaskHandle                           0x20000000   Data           4  freertos.o(.data)
    ctrltaskHandle                           0x20000004   Data           4  freertos.o(.data)
    detecttaskHandle                         0x20000008   Data           4  freertos.o(.data)
    uwTickFreq                               0x20000010   Data           1  stm32f4xx_hal.o(.data)
    uwTickPrio                               0x20000014   Data           4  stm32f4xx_hal.o(.data)
    uwTick                                   0x20000018   Data           4  stm32f4xx_hal.o(.data)
    SystemCoreClock                          0x2000001c   Data           4  system_stm32f4xx.o(.data)
    pxCurrentTCB                             0x20000020   Data           4  tasks.o(.data)
    mes                                      0x200000a0   Data           8  ctrltask.o(.data)
    mspid                                    0x200000a8   Data         240  ctrltask.o(.data)
    mapid                                    0x20000198   Data         240  ctrltask.o(.data)
    minfo                                    0x20000288   Data         448  ctrltask.o(.data)
    CAN1_ready                               0x20000448   Data           1  canbus.o(.data)
    CAN2_ready                               0x20000449   Data           1  canbus.o(.data)
    Ut_ready                                 0x20000452   Data           1  uart3.o(.data)
    hcan1                                    0x20000458   Data          40  can.o(.bss)
    hcan2                                    0x20000480   Data          40  can.o(.bss)
    hiwdg                                    0x200004a8   Data          12  iwdg.o(.bss)
    huart3                                   0x200004b4   Data          68  usart.o(.bss)
    hdma_usart3_rx                           0x200004f8   Data          96  usart.o(.bss)
    hdma_usart3_tx                           0x20000558   Data          96  usart.o(.bss)
    xQueueRegistry                           0x200005b8   Data          64  queue.o(.bss)
    cinfo                                    0x20004e8c   Data         104  infoproc.o(.bss)
    ucomd                                    0x20004f0c   Data          68  uart3.o(.bss)
    rx_buf                                   0x20004f50   Data          48  uart3.o(.bss)
    __libspace_start                         0x20004f80   Data          96  libspace.o(.bss)
    __temporary_stack_top$libspace           0x20004fe0   Data           0  libspace.o(.bss)



==============================================================================

Memory Map of the image

  Image Entry point : 0x080001ad

  Load Region LR_IROM1 (Base: 0x08000000, Size: 0x00005830, Max: 0x00200000, ABSOLUTE, COMPRESSED[0x00005428])

    Execution Region ER_IROM1 (Exec base: 0x08000000, Load base: 0x08000000, Size: 0x000053d8, Max: 0x00200000, ABSOLUTE)

    Exec Addr    Load Addr    Size         Type   Attr      Idx    E Section Name        Object

    0x08000000   0x08000000   0x000001ac   Data   RO            3    RESET               startup_stm32f427xx.o
    0x080001ac   0x080001ac   0x00000008   Code   RO         4797  * !!!main             c_w.l(__main.o)
    0x080001b4   0x080001b4   0x00000034   Code   RO         5108    !!!scatter          c_w.l(__scatter.o)
    0x080001e8   0x080001e8   0x0000005a   Code   RO         5106    !!dczerorl2         c_w.l(__dczerorl2.o)
    0x08000242   0x08000242   0x00000002   PAD
    0x08000244   0x08000244   0x0000001c   Code   RO         5110    !!handler_zi        c_w.l(__scatter_zi.o)
    0x08000260   0x08000260   0x00000002   Code   RO         5043    .ARM.Collect$$libinit$$00000000  c_w.l(libinit.o)
    0x08000262   0x08000262   0x00000004   Code   RO         4855    .ARM.Collect$$libinit$$00000001  c_w.l(libinit2.o)
    0x08000266   0x08000266   0x00000000   Code   RO         4858    .ARM.Collect$$libinit$$00000004  c_w.l(libinit2.o)
    0x08000266   0x08000266   0x00000000   Code   RO         4861    .ARM.Collect$$libinit$$0000000A  c_w.l(libinit2.o)
    0x08000266   0x08000266   0x00000000   Code   RO         4863    .ARM.Collect$$libinit$$0000000C  c_w.l(libinit2.o)
    0x08000266   0x08000266   0x00000000   Code   RO         4865    .ARM.Collect$$libinit$$0000000E  c_w.l(libinit2.o)
    0x08000266   0x08000266   0x00000000   Code   RO         4868    .ARM.Collect$$libinit$$00000011  c_w.l(libinit2.o)
    0x08000266   0x08000266   0x00000000   Code   RO         4870    .ARM.Collect$$libinit$$00000013  c_w.l(libinit2.o)
    0x08000266   0x08000266   0x00000000   Code   RO         4872    .ARM.Collect$$libinit$$00000015  c_w.l(libinit2.o)
    0x08000266   0x08000266   0x00000000   Code   RO         4874    .ARM.Collect$$libinit$$00000017  c_w.l(libinit2.o)
    0x08000266   0x08000266   0x00000000   Code   RO         4876    .ARM.Collect$$libinit$$00000019  c_w.l(libinit2.o)
    0x08000266   0x08000266   0x00000000   Code   RO         4878    .ARM.Collect$$libinit$$0000001B  c_w.l(libinit2.o)
    0x08000266   0x08000266   0x00000000   Code   RO         4880    .ARM.Collect$$libinit$$0000001D  c_w.l(libinit2.o)
    0x08000266   0x08000266   0x00000000   Code   RO         4882    .ARM.Collect$$libinit$$0000001F  c_w.l(libinit2.o)
    0x08000266   0x08000266   0x00000000   Code   RO         4884    .ARM.Collect$$libinit$$00000021  c_w.l(libinit2.o)
    0x08000266   0x08000266   0x00000000   Code   RO         4886    .ARM.Collect$$libinit$$00000023  c_w.l(libinit2.o)
    0x08000266   0x08000266   0x00000000   Code   RO         4888    .ARM.Collect$$libinit$$00000025  c_w.l(libinit2.o)
    0x08000266   0x08000266   0x00000000   Code   RO         4892    .ARM.Collect$$libinit$$0000002C  c_w.l(libinit2.o)
    0x08000266   0x08000266   0x00000000   Code   RO         4894    .ARM.Collect$$libinit$$0000002E  c_w.l(libinit2.o)
    0x08000266   0x08000266   0x00000000   Code   RO         4896    .ARM.Collect$$libinit$$00000030  c_w.l(libinit2.o)
    0x08000266   0x08000266   0x00000000   Code   RO         4898    .ARM.Collect$$libinit$$00000032  c_w.l(libinit2.o)
    0x08000266   0x08000266   0x00000002   Code   RO         4899    .ARM.Collect$$libinit$$00000033  c_w.l(libinit2.o)
    0x08000268   0x08000268   0x00000002   Code   RO         5103    .ARM.Collect$$libshutdown$$00000000  c_w.l(libshutdown.o)
    0x0800026a   0x0800026a   0x00000000   Code   RO         5059    .ARM.Collect$$libshutdown$$00000002  c_w.l(libshutdown2.o)
    0x0800026a   0x0800026a   0x00000000   Code   RO         5061    .ARM.Collect$$libshutdown$$00000004  c_w.l(libshutdown2.o)
    0x0800026a   0x0800026a   0x00000000   Code   RO         5063    .ARM.Collect$$libshutdown$$00000006  c_w.l(libshutdown2.o)
    0x0800026a   0x0800026a   0x00000000   Code   RO         5066    .ARM.Collect$$libshutdown$$00000009  c_w.l(libshutdown2.o)
    0x0800026a   0x0800026a   0x00000000   Code   RO         5069    .ARM.Collect$$libshutdown$$0000000C  c_w.l(libshutdown2.o)
    0x0800026a   0x0800026a   0x00000000   Code   RO         5071    .ARM.Collect$$libshutdown$$0000000E  c_w.l(libshutdown2.o)
    0x0800026a   0x0800026a   0x00000000   Code   RO         5074    .ARM.Collect$$libshutdown$$00000011  c_w.l(libshutdown2.o)
    0x0800026a   0x0800026a   0x00000002   Code   RO         5075    .ARM.Collect$$libshutdown$$00000012  c_w.l(libshutdown2.o)
    0x0800026c   0x0800026c   0x00000000   Code   RO         4819    .ARM.Collect$$rtentry$$00000000  c_w.l(__rtentry.o)
    0x0800026c   0x0800026c   0x00000000   Code   RO         4945    .ARM.Collect$$rtentry$$00000002  c_w.l(__rtentry2.o)
    0x0800026c   0x0800026c   0x00000006   Code   RO         4957    .ARM.Collect$$rtentry$$00000004  c_w.l(__rtentry4.o)
    0x08000272   0x08000272   0x00000000   Code   RO         4947    .ARM.Collect$$rtentry$$00000009  c_w.l(__rtentry2.o)
    0x08000272   0x08000272   0x00000004   Code   RO         4948    .ARM.Collect$$rtentry$$0000000A  c_w.l(__rtentry2.o)
    0x08000276   0x08000276   0x00000000   Code   RO         4950    .ARM.Collect$$rtentry$$0000000C  c_w.l(__rtentry2.o)
    0x08000276   0x08000276   0x00000008   Code   RO         4951    .ARM.Collect$$rtentry$$0000000D  c_w.l(__rtentry2.o)
    0x0800027e   0x0800027e   0x00000002   Code   RO         5046    .ARM.Collect$$rtexit$$00000000  c_w.l(rtexit.o)
    0x08000280   0x08000280   0x00000000   Code   RO         5079    .ARM.Collect$$rtexit$$00000002  c_w.l(rtexit2.o)
    0x08000280   0x08000280   0x00000004   Code   RO         5080    .ARM.Collect$$rtexit$$00000003  c_w.l(rtexit2.o)
    0x08000284   0x08000284   0x00000006   Code   RO         5081    .ARM.Collect$$rtexit$$00000004  c_w.l(rtexit2.o)
    0x0800028a   0x0800028a   0x00000002   PAD
    0x0800028c   0x0800028c   0x000000be   Code   RO         4176    .emb_text           port.o
    0x0800034a   0x0800034a   0x00000002   PAD
    0x0800034c   0x0800034c   0x00000040   Code   RO            4    .text               startup_stm32f427xx.o
    0x0800038c   0x0800038c   0x000000ee   Code   RO         4783    .text               c_w.l(lludivv7m.o)
    0x0800047a   0x0800047a   0x0000008a   Code   RO         4785    .text               c_w.l(rt_memcpy_v6.o)
    0x08000504   0x08000504   0x00000064   Code   RO         4787    .text               c_w.l(rt_memcpy_w.o)
    0x08000568   0x08000568   0x00000010   Code   RO         4791    .text               c_w.l(aeabi_memset.o)
    0x08000578   0x08000578   0x0000004e   Code   RO         4793    .text               c_w.l(rt_memclr_w.o)
    0x080005c6   0x080005c6   0x00000006   Code   RO         4795    .text               c_w.l(heapauxi.o)
    0x080005cc   0x080005cc   0x00000044   Code   RO         4851    .text               c_w.l(rt_memclr.o)
    0x08000610   0x08000610   0x00000008   Code   RO         4941    .text               c_w.l(libspace.o)
    0x08000618   0x08000618   0x00000002   Code   RO         5015    .text               c_w.l(use_no_semi.o)
    0x0800061a   0x0800061a   0x00000000   Code   RO         5017    .text               c_w.l(indicate_semi.o)
    0x0800061a   0x0800061a   0x0000004a   Code   RO         5018    .text               c_w.l(sys_stackheap_outer.o)
    0x08000664   0x08000664   0x00000012   Code   RO         5024    .text               c_w.l(exit.o)
    0x08000676   0x08000676   0x00000002   PAD
    0x08000678   0x08000678   0x0000000c   Code   RO         5044    .text               c_w.l(sys_exit.o)
    0x08000684   0x08000684   0x00000002   Code   RO          466    i.BusFault_Handler  stm32f4xx_it.o
    0x08000686   0x08000686   0x00000002   PAD
    0x08000688   0x08000688   0x0000000c   Code   RO          467    i.CAN1_RX0_IRQHandler  stm32f4xx_it.o
    0x08000694   0x08000694   0x0000000c   Code   RO          468    i.CAN1_TX_IRQHandler  stm32f4xx_it.o
    0x080006a0   0x080006a0   0x0000000c   Code   RO          469    i.CAN2_RX0_IRQHandler  stm32f4xx_it.o
    0x080006ac   0x080006ac   0x0000000c   Code   RO          470    i.CAN2_TX_IRQHandler  stm32f4xx_it.o
    0x080006b8   0x080006b8   0x00000064   Code   RO         4636    i.CAN_send          canbus.o
    0x0800071c   0x0800071c   0x0000000c   Code   RO          471    i.DMA1_Stream1_IRQHandler  stm32f4xx_it.o
    0x08000728   0x08000728   0x0000000c   Code   RO          472    i.DMA1_Stream3_IRQHandler  stm32f4xx_it.o
    0x08000734   0x08000734   0x00000028   Code   RO         1340    i.DMA_CalcBaseAndBitshift  stm32f4xx_hal_dma.o
    0x0800075c   0x0800075c   0x00000054   Code   RO         1341    i.DMA_CheckFifoParam  stm32f4xx_hal_dma.o
    0x080007b0   0x080007b0   0x00000058   Code   RO         4256    i.DMA_RX_INIT       dma_bsp.o
    0x08000808   0x08000808   0x00000028   Code   RO         1342    i.DMA_SetConfig     stm32f4xx_hal_dma.o
    0x08000830   0x08000830   0x00000002   Code   RO          473    i.DebugMon_Handler  stm32f4xx_it.o
    0x08000832   0x08000832   0x00000004   Code   RO           13    i.Error_Handler     main.o
    0x08000836   0x08000836   0x00000024   Code   RO          596    i.HAL_CAN_ActivateNotification  stm32f4xx_hal_can.o
    0x0800085a   0x0800085a   0x000000dc   Code   RO          597    i.HAL_CAN_AddTxMessage  stm32f4xx_hal_can.o
    0x08000936   0x08000936   0x00000002   PAD
    0x08000938   0x08000938   0x0000010c   Code   RO          598    i.HAL_CAN_ConfigFilter  stm32f4xx_hal_can.o
    0x08000a44   0x08000a44   0x00000002   Code   RO          601    i.HAL_CAN_ErrorCallback  stm32f4xx_hal_can.o
    0x08000a46   0x08000a46   0x000000e8   Code   RO          604    i.HAL_CAN_GetRxMessage  stm32f4xx_hal_can.o
    0x08000b2e   0x08000b2e   0x000001fc   Code   RO          608    i.HAL_CAN_IRQHandler  stm32f4xx_hal_can.o
    0x08000d2a   0x08000d2a   0x0000011a   Code   RO          609    i.HAL_CAN_Init      stm32f4xx_hal_can.o
    0x08000e44   0x08000e44   0x0000001e   Code   RO          611    i.HAL_CAN_IsTxMessagePending  stm32f4xx_hal_can.o
    0x08000e62   0x08000e62   0x00000002   PAD
    0x08000e64   0x08000e64   0x0000011c   Code   RO          322    i.HAL_CAN_MspInit   can.o
    0x08000f80   0x08000f80   0x00000002   Code   RO          616    i.HAL_CAN_RxFifo0FullCallback  stm32f4xx_hal_can.o
    0x08000f82   0x08000f82   0x00000002   PAD
    0x08000f84   0x08000f84   0x00000080   Code   RO         4637    i.HAL_CAN_RxFifo0MsgPendingCallback  canbus.o
    0x08001004   0x08001004   0x00000002   Code   RO          618    i.HAL_CAN_RxFifo1FullCallback  stm32f4xx_hal_can.o
    0x08001006   0x08001006   0x00000002   Code   RO          619    i.HAL_CAN_RxFifo1MsgPendingCallback  stm32f4xx_hal_can.o
    0x08001008   0x08001008   0x00000002   Code   RO          620    i.HAL_CAN_SleepCallback  stm32f4xx_hal_can.o
    0x0800100a   0x0800100a   0x00000002   PAD
    0x0800100c   0x0800100c   0x00000058   Code   RO          621    i.HAL_CAN_Start     stm32f4xx_hal_can.o
    0x08001064   0x08001064   0x00000002   Code   RO          623    i.HAL_CAN_TxMailbox0AbortCallback  stm32f4xx_hal_can.o
    0x08001066   0x08001066   0x00000002   Code   RO          624    i.HAL_CAN_TxMailbox0CompleteCallback  stm32f4xx_hal_can.o
    0x08001068   0x08001068   0x00000002   Code   RO          625    i.HAL_CAN_TxMailbox1AbortCallback  stm32f4xx_hal_can.o
    0x0800106a   0x0800106a   0x00000002   Code   RO          626    i.HAL_CAN_TxMailbox1CompleteCallback  stm32f4xx_hal_can.o
    0x0800106c   0x0800106c   0x00000002   Code   RO          627    i.HAL_CAN_TxMailbox2AbortCallback  stm32f4xx_hal_can.o
    0x0800106e   0x0800106e   0x00000002   Code   RO          628    i.HAL_CAN_TxMailbox2CompleteCallback  stm32f4xx_hal_can.o
    0x08001070   0x08001070   0x00000002   Code   RO          630    i.HAL_CAN_WakeUpFromRxMsgCallback  stm32f4xx_hal_can.o
    0x08001072   0x08001072   0x00000092   Code   RO         1343    i.HAL_DMA_Abort     stm32f4xx_hal_dma.o
    0x08001104   0x08001104   0x00000024   Code   RO         1344    i.HAL_DMA_Abort_IT  stm32f4xx_hal_dma.o
    0x08001128   0x08001128   0x000001a0   Code   RO         1348    i.HAL_DMA_IRQHandler  stm32f4xx_hal_dma.o
    0x080012c8   0x080012c8   0x000000d4   Code   RO         1349    i.HAL_DMA_Init      stm32f4xx_hal_dma.o
    0x0800139c   0x0800139c   0x0000006e   Code   RO         1353    i.HAL_DMA_Start_IT  stm32f4xx_hal_dma.o
    0x0800140a   0x0800140a   0x00000002   PAD
    0x0800140c   0x0800140c   0x00000234   Code   RO         1236    i.HAL_GPIO_Init     stm32f4xx_hal_gpio.o
    0x08001640   0x08001640   0x0000000a   Code   RO         1240    i.HAL_GPIO_WritePin  stm32f4xx_hal_gpio.o
    0x0800164a   0x0800164a   0x00000002   PAD
    0x0800164c   0x0800164c   0x0000000c   Code   RO         1788    i.HAL_GetTick       stm32f4xx_hal.o
    0x08001658   0x08001658   0x0000005a   Code   RO         2043    i.HAL_IWDG_Init     stm32f4xx_hal_iwdg.o
    0x080016b2   0x080016b2   0x0000000c   Code   RO         2044    i.HAL_IWDG_Refresh  stm32f4xx_hal_iwdg.o
    0x080016be   0x080016be   0x00000002   PAD
    0x080016c0   0x080016c0   0x00000010   Code   RO         1794    i.HAL_IncTick       stm32f4xx_hal.o
    0x080016d0   0x080016d0   0x00000034   Code   RO         1795    i.HAL_Init          stm32f4xx_hal.o
    0x08001704   0x08001704   0x00000040   Code   RO         1796    i.HAL_InitTick      stm32f4xx_hal.o
    0x08001744   0x08001744   0x00000038   Code   RO          571    i.HAL_MspInit       stm32f4xx_hal_msp.o
    0x0800177c   0x0800177c   0x0000001a   Code   RO         1643    i.HAL_NVIC_EnableIRQ  stm32f4xx_hal_cortex.o
    0x08001796   0x08001796   0x00000002   PAD
    0x08001798   0x08001798   0x00000040   Code   RO         1649    i.HAL_NVIC_SetPriority  stm32f4xx_hal_cortex.o
    0x080017d8   0x080017d8   0x00000024   Code   RO         1650    i.HAL_NVIC_SetPriorityGrouping  stm32f4xx_hal_cortex.o
    0x080017fc   0x080017fc   0x00000070   Code   RO         1572    i.HAL_PWREx_EnableOverDrive  stm32f4xx_hal_pwr_ex.o
    0x0800186c   0x0800186c   0x00000134   Code   RO          830    i.HAL_RCC_ClockConfig  stm32f4xx_hal_rcc.o
    0x080019a0   0x080019a0   0x00000020   Code   RO          837    i.HAL_RCC_GetPCLK1Freq  stm32f4xx_hal_rcc.o
    0x080019c0   0x080019c0   0x00000020   Code   RO          838    i.HAL_RCC_GetPCLK2Freq  stm32f4xx_hal_rcc.o
    0x080019e0   0x080019e0   0x00000064   Code   RO          839    i.HAL_RCC_GetSysClockFreq  stm32f4xx_hal_rcc.o
    0x08001a44   0x08001a44   0x0000036c   Code   RO          842    i.HAL_RCC_OscConfig  stm32f4xx_hal_rcc.o
    0x08001db0   0x08001db0   0x00000028   Code   RO         1654    i.HAL_SYSTICK_Config  stm32f4xx_hal_cortex.o
    0x08001dd8   0x08001dd8   0x00000002   Code   RO         2120    i.HAL_UARTEx_RxEventCallback  stm32f4xx_hal_uart.o
    0x08001dda   0x08001dda   0x00000092   Code   RO         2130    i.HAL_UART_DMAPause  stm32f4xx_hal_uart.o
    0x08001e6c   0x08001e6c   0x00000088   Code   RO         2131    i.HAL_UART_DMAResume  stm32f4xx_hal_uart.o
    0x08001ef4   0x08001ef4   0x00000002   Code   RO         2134    i.HAL_UART_ErrorCallback  stm32f4xx_hal_uart.o
    0x08001ef6   0x08001ef6   0x00000002   PAD
    0x08001ef8   0x08001ef8   0x00000268   Code   RO         2137    i.HAL_UART_IRQHandler  stm32f4xx_hal_uart.o
    0x08002160   0x08002160   0x00000062   Code   RO         2138    i.HAL_UART_Init     stm32f4xx_hal_uart.o
    0x080021c2   0x080021c2   0x00000002   PAD
    0x080021c4   0x080021c4   0x000000f4   Code   RO          425    i.HAL_UART_MspInit  usart.o
    0x080022b8   0x080022b8   0x00000002   Code   RO         2144    i.HAL_UART_RxCpltCallback  stm32f4xx_hal_uart.o
    0x080022ba   0x080022ba   0x00000002   PAD
    0x080022bc   0x080022bc   0x0000008c   Code   RO         2147    i.HAL_UART_Transmit_DMA  stm32f4xx_hal_uart.o
    0x08002348   0x08002348   0x00000002   Code   RO         2149    i.HAL_UART_TxCpltCallback  stm32f4xx_hal_uart.o
    0x0800234a   0x0800234a   0x00000002   Code   RO         2150    i.HAL_UART_TxHalfCpltCallback  stm32f4xx_hal_uart.o
    0x0800234c   0x0800234c   0x00000002   Code   RO          474    i.HardFault_Handler  stm32f4xx_it.o
    0x0800234e   0x0800234e   0x00000002   PAD
    0x08002350   0x08002350   0x00000044   Code   RO          323    i.MX_CAN1_Init      can.o
    0x08002394   0x08002394   0x00000044   Code   RO          324    i.MX_CAN2_Init      can.o
    0x080023d8   0x080023d8   0x0000003c   Code   RO          370    i.MX_DMA_Init       dma.o
    0x08002414   0x08002414   0x00000044   Code   RO          266    i.MX_FREERTOS_Init  freertos.o
    0x08002458   0x08002458   0x00000080   Code   RO          242    i.MX_GPIO_Init      gpio.o
    0x080024d8   0x080024d8   0x0000002c   Code   RO          394    i.MX_IWDG_Init      iwdg.o
    0x08002504   0x08002504   0x00000038   Code   RO          426    i.MX_USART3_UART_Init  usart.o
    0x0800253c   0x0800253c   0x00000002   Code   RO          475    i.MemManage_Handler  stm32f4xx_it.o
    0x0800253e   0x0800253e   0x00000002   Code   RO          476    i.NMI_Handler       stm32f4xx_it.o
    0x08002540   0x08002540   0x00000130   Code   RO         4453    i.PID_angle_calc    pid.o
    0x08002670   0x08002670   0x000000fe   Code   RO         4454    i.PID_calc          pid.o
    0x0800276e   0x0800276e   0x00000002   PAD
    0x08002770   0x08002770   0x0000002c   Code   RO         4455    i.PID_clear         pid.o
    0x0800279c   0x0800279c   0x000001c0   Code   RO         4679    i.RX_Decoder        uart3.o
    0x0800295c   0x0800295c   0x00000018   Code   RO          477    i.SysTick_Handler   stm32f4xx_it.o
    0x08002974   0x08002974   0x000000a4   Code   RO           14    i.SystemClock_Config  main.o
    0x08002a18   0x08002a18   0x00000010   Code   RO         2467    i.SystemInit        system_stm32f4xx.o
    0x08002a28   0x08002a28   0x00000010   Code   RO         2151    i.UART_DMAAbortOnError  stm32f4xx_hal_uart.o
    0x08002a38   0x08002a38   0x0000004a   Code   RO         2152    i.UART_DMAError     stm32f4xx_hal_uart.o
    0x08002a82   0x08002a82   0x00000042   Code   RO         2157    i.UART_DMATransmitCplt  stm32f4xx_hal_uart.o
    0x08002ac4   0x08002ac4   0x0000000a   Code   RO         2159    i.UART_DMATxHalfCplt  stm32f4xx_hal_uart.o
    0x08002ace   0x08002ace   0x0000004e   Code   RO         2161    i.UART_EndRxTransfer  stm32f4xx_hal_uart.o
    0x08002b1c   0x08002b1c   0x0000001c   Code   RO         2162    i.UART_EndTxTransfer  stm32f4xx_hal_uart.o
    0x08002b38   0x08002b38   0x000000c0   Code   RO         2163    i.UART_Receive_IT   stm32f4xx_hal_uart.o
    0x08002bf8   0x08002bf8   0x0000010c   Code   RO         2164    i.UART_SetConfig    stm32f4xx_hal_uart.o
    0x08002d04   0x08002d04   0x00000014   Code   RO          478    i.USART3_IRQHandler  stm32f4xx_it.o
    0x08002d18   0x08002d18   0x000000b4   Code   RO         4680    i.USART3_inIRQHandler  uart3.o
    0x08002dcc   0x08002dcc   0x00000002   Code   RO          479    i.UsageFault_Handler  stm32f4xx_it.o
    0x08002dce   0x08002dce   0x00000002   PAD
    0x08002dd0   0x08002dd0   0x00000024   Code   RO         4681    i.Ut_init           uart3.o
    0x08002df4   0x08002df4   0x00000020   Code   RO         1656    i.__NVIC_SetPriority  stm32f4xx_hal_cortex.o
    0x08002e14   0x08002e14   0x00000020   Code   RO         4372    i.anglelimit        motorlib.o
    0x08002e34   0x08002e34   0x00000058   Code   RO         4638    i.can_filter_init   canbus.o
    0x08002e8c   0x08002e8c   0x000000a4   Code   RO         4373    i.canrxtomotinfo    motorlib.o
    0x08002f30   0x08002f30   0x00000048   Code   RO         4489    i.claw2motorinfo    infoproc.o
    0x08002f78   0x08002f78   0x000002e4   Code   RO         4490    i.command2clawinfo  infoproc.o
    0x0800325c   0x0800325c   0x00000024   Code   RO         4374    i.currentlimit      motorlib.o
    0x08003280   0x08003280   0x00000060   Code   RO         4573    i.device_init       init.o
    0x080032e0   0x080032e0   0x0000000a   Code   RO          267    i.errordetect       freertos.o
    0x080032ea   0x080032ea   0x00000002   PAD
    0x080032ec   0x080032ec   0x000000c0   Code   RO         4375    i.gearmotor_angledecoder  motorlib.o
    0x080033ac   0x080033ac   0x0000007c   Code   RO         4376    i.gearmotor_angledecoder_sum  motorlib.o
    0x08003428   0x08003428   0x00000054   Code   RO         4491    i.infoproc          infoproc.o
    0x0800347c   0x0800347c   0x0000002e   Code   RO           15    i.main              main.o
    0x080034aa   0x080034aa   0x00000002   PAD
    0x080034ac   0x080034ac   0x000000b0   Code   RO         4377    i.motaspid_calc     motorlib.o
    0x0800355c   0x0800355c   0x0000008c   Code   RO         4378    i.motcurrentsensor  motorlib.o
    0x080035e8   0x080035e8   0x0000011c   Code   RO         4492    i.motor2clawinfo    infoproc.o
    0x08003704   0x08003704   0x00000198   Code   RO         4543    i.motorctrl         ctrltask.o
    0x0800389c   0x0800389c   0x0000001a   Code   RO         3615    i.osDelay           cmsis_os2.o
    0x080038b6   0x080038b6   0x0000002e   Code   RO         3616    i.osDelayUntil      cmsis_os2.o
    0x080038e4   0x080038e4   0x00000024   Code   RO         3629    i.osKernelInitialize  cmsis_os2.o
    0x08003908   0x08003908   0x00000038   Code   RO         3632    i.osKernelStart     cmsis_os2.o
    0x08003940   0x08003940   0x0000008a   Code   RO         3674    i.osThreadNew       cmsis_os2.o
    0x080039ca   0x080039ca   0x00000002   PAD
    0x080039cc   0x080039cc   0x0000005c   Code   RO         3075    i.prvAddCurrentTaskToDelayedList  tasks.o
    0x08003a28   0x08003a28   0x000000d0   Code   RO         3076    i.prvAddNewTaskToReadyList  tasks.o
    0x08003af8   0x08003af8   0x00000058   Code   RO         3440    i.prvCheckForValidListAndQueue  timers.o
    0x08003b50   0x08003b50   0x00000026   Code   RO         2672    i.prvCopyDataFromQueue  queue.o
    0x08003b76   0x08003b76   0x0000006c   Code   RO         2673    i.prvCopyDataToQueue  queue.o
    0x08003be2   0x08003be2   0x00000034   Code   RO         3077    i.prvDeleteTCB      tasks.o
    0x08003c16   0x08003c16   0x00000002   PAD
    0x08003c18   0x08003c18   0x0000004c   Code   RO         4121    i.prvHeapInit       heap_4.o
    0x08003c64   0x08003c64   0x00000060   Code   RO         3078    i.prvIdleTask       tasks.o
    0x08003cc4   0x08003cc4   0x00000022   Code   RO         2675    i.prvInitialiseNewQueue  queue.o
    0x08003ce6   0x08003ce6   0x00000002   PAD
    0x08003ce8   0x08003ce8   0x000000b0   Code   RO         3079    i.prvInitialiseNewTask  tasks.o
    0x08003d98   0x08003d98   0x0000004c   Code   RO         4122    i.prvInsertBlockIntoFreeList  heap_4.o
    0x08003de4   0x08003de4   0x00000038   Code   RO         3442    i.prvInsertTimerInActiveList  timers.o
    0x08003e1c   0x08003e1c   0x0000001c   Code   RO         2676    i.prvIsQueueEmpty   queue.o
    0x08003e38   0x08003e38   0x000000fc   Code   RO         3443    i.prvProcessReceivedCommands  timers.o
    0x08003f34   0x08003f34   0x000000c0   Code   RO         3444    i.prvProcessTimerOrBlockTask  timers.o
    0x08003ff4   0x08003ff4   0x00000020   Code   RO         3081    i.prvResetNextTaskUnblockTime  tasks.o
    0x08004014   0x08004014   0x00000028   Code   RO         3445    i.prvSampleTimeNow  timers.o
    0x0800403c   0x0800403c   0x0000006c   Code   RO         3446    i.prvSwitchTimerLists  timers.o
    0x080040a8   0x080040a8   0x00000028   Code   RO         4177    i.prvTaskExitError  port.o
    0x080040d0   0x080040d0   0x00000024   Code   RO         3447    i.prvTimerTask      timers.o
    0x080040f4   0x080040f4   0x0000006a   Code   RO         2677    i.prvUnlockQueue    queue.o
    0x0800415e   0x0800415e   0x00000002   PAD
    0x08004160   0x08004160   0x000000dc   Code   RO         4123    i.pvPortMalloc      heap_4.o
    0x0800423c   0x0800423c   0x0000002c   Code   RO         4178    i.pxPortInitialiseStack  port.o
    0x08004268   0x08004268   0x000001cc   Code   RO         4493    i.sendmestopc       infoproc.o
    0x08004434   0x08004434   0x00000010   Code   RO         4379    i.speedlimit        motorlib.o
    0x08004444   0x08004444   0x00000026   Code   RO         2632    i.uxListRemove      list.o
    0x0800446a   0x0800446a   0x00000002   PAD
    0x0800446c   0x0800446c   0x00000014   Code   RO         3686    i.vApplicationGetIdleTaskMemory  cmsis_os2.o
    0x08004480   0x08004480   0x00000018   Code   RO         3687    i.vApplicationGetTimerTaskMemory  cmsis_os2.o
    0x08004498   0x08004498   0x00000016   Code   RO         2633    i.vListInitialise   list.o
    0x080044ae   0x080044ae   0x00000006   Code   RO         2634    i.vListInitialiseItem  list.o
    0x080044b4   0x080044b4   0x00000030   Code   RO         2635    i.vListInsert       list.o
    0x080044e4   0x080044e4   0x00000018   Code   RO         2636    i.vListInsertEnd    list.o
    0x080044fc   0x080044fc   0x00000040   Code   RO         4180    i.vPortEnterCritical  port.o
    0x0800453c   0x0800453c   0x00000028   Code   RO         4181    i.vPortExitCritical  port.o
    0x08004564   0x08004564   0x00000064   Code   RO         4124    i.vPortFree         heap_4.o
    0x080045c8   0x080045c8   0x00000024   Code   RO         4182    i.vPortSetupTimerInterrupt  port.o
    0x080045ec   0x080045ec   0x00000054   Code   RO         4183    i.vPortValidateInterruptPriority  port.o
    0x08004640   0x08004640   0x00000028   Code   RO         2683    i.vQueueAddToRegistry  queue.o
    0x08004668   0x08004668   0x00000044   Code   RO         2687    i.vQueueWaitForMessageRestricted  queue.o
    0x080046ac   0x080046ac   0x0000004c   Code   RO         3094    i.vTaskDelay        tasks.o
    0x080046f8   0x080046f8   0x0000008c   Code   RO         3095    i.vTaskDelayUntil   tasks.o
    0x08004784   0x08004784   0x00000010   Code   RO         3099    i.vTaskInternalSetTimeOutState  tasks.o
    0x08004794   0x08004794   0x0000000c   Code   RO         3100    i.vTaskMissedYield  tasks.o
    0x080047a0   0x080047a0   0x00000030   Code   RO         3102    i.vTaskPlaceOnEventList  tasks.o
    0x080047d0   0x080047d0   0x00000038   Code   RO         3103    i.vTaskPlaceOnEventListRestricted  tasks.o
    0x08004808   0x08004808   0x00000088   Code   RO         3111    i.vTaskStartScheduler  tasks.o
    0x08004890   0x08004890   0x00000010   Code   RO         3113    i.vTaskSuspendAll   tasks.o
    0x080048a0   0x080048a0   0x00000064   Code   RO         3114    i.vTaskSwitchContext  tasks.o
    0x08004904   0x08004904   0x000000f4   Code   RO         4184    i.xPortStartScheduler  port.o
    0x080049f8   0x080049f8   0x0000002c   Code   RO         4185    i.xPortSysTickHandler  port.o
    0x08004a24   0x08004a24   0x00000066   Code   RO         2693    i.xQueueGenericCreateStatic  queue.o
    0x08004a8a   0x08004a8a   0x00000002   PAD
    0x08004a8c   0x08004a8c   0x00000088   Code   RO         2694    i.xQueueGenericReset  queue.o
    0x08004b14   0x08004b14   0x00000160   Code   RO         2695    i.xQueueGenericSend  queue.o
    0x08004c74   0x08004c74   0x000000be   Code   RO         2696    i.xQueueGenericSendFromISR  queue.o
    0x08004d32   0x08004d32   0x00000002   PAD
    0x08004d34   0x08004d34   0x00000138   Code   RO         2705    i.xQueueReceive     queue.o
    0x08004e6c   0x08004e6c   0x00000074   Code   RO         3116    i.xTaskCheckForTimeOut  tasks.o
    0x08004ee0   0x08004ee0   0x0000005a   Code   RO         3117    i.xTaskCreate       tasks.o
    0x08004f3a   0x08004f3a   0x00000056   Code   RO         3118    i.xTaskCreateStatic  tasks.o
    0x08004f90   0x08004f90   0x0000001c   Code   RO         3122    i.xTaskGetSchedulerState  tasks.o
    0x08004fac   0x08004fac   0x0000000c   Code   RO         3123    i.xTaskGetTickCount  tasks.o
    0x08004fb8   0x08004fb8   0x000000c8   Code   RO         3125    i.xTaskIncrementTick  tasks.o
    0x08005080   0x08005080   0x00000080   Code   RO         3128    i.xTaskPriorityDisinherit  tasks.o
    0x08005100   0x08005100   0x00000070   Code   RO         3130    i.xTaskRemoveFromEventList  tasks.o
    0x08005170   0x08005170   0x000000c4   Code   RO         3131    i.xTaskResumeAll    tasks.o
    0x08005234   0x08005234   0x00000060   Code   RO         3456    i.xTimerCreateTimerTask  timers.o
    0x08005294   0x08005294   0x00000068   Code   RO         3457    i.xTimerGenericCommand  timers.o
    0x080052fc   0x080052fc   0x0000000a   Code   RO         5003    x$fpl$fpinit        fz_wm.l(fpinit.o)
    0x08005306   0x08005306   0x00000002   PAD
    0x08005308   0x08005308   0x0000006c   Data   RO          270    .constdata          freertos.o
    0x08005374   0x08005374   0x00000008   Data   RO         1355    .constdata          stm32f4xx_hal_dma.o
    0x0800537c   0x0800537c   0x00000010   Data   RO         2468    .constdata          system_stm32f4xx.o
    0x0800538c   0x0800538c   0x00000008   Data   RO         2469    .constdata          system_stm32f4xx.o
    0x08005394   0x08005394   0x00000023   Data   RO          271    .conststring        freertos.o
    0x080053b7   0x080053b7   0x00000001   PAD
    0x080053b8   0x080053b8   0x00000020   Data   RO         5104    Region$$Table       anon$$obj.o


    Execution Region RW_IRAM2 (Exec base: 0x10000000, Load base: 0x08005428, Size: 0x00000000, Max: 0x00010000, ABSOLUTE)

    **** No section assigned to this execution region ****


    Execution Region RW_IRAM1 (Exec base: 0x20000000, Load base: 0x080053d8, Size: 0x000055e0, Max: 0x00030000, ABSOLUTE, COMPRESSED[0x00000050])

    Exec Addr    Load Addr    Size         Type   Attr      Idx    E Section Name        Object

    0x20000000   COMPRESSED   0x0000000c   Data   RW          272    .data               freertos.o
    0x2000000c   COMPRESSED   0x00000004   Data   RW          326    .data               can.o
    0x20000010   COMPRESSED   0x0000000c   Data   RW         1802    .data               stm32f4xx_hal.o
    0x2000001c   COMPRESSED   0x00000004   Data   RW         2470    .data               system_stm32f4xx.o
    0x20000020   COMPRESSED   0x0000003c   Data   RW         3134    .data               tasks.o
    0x2000005c   COMPRESSED   0x00000014   Data   RW         3465    .data               timers.o
    0x20000070   COMPRESSED   0x00000004   Data   RW         3689    .data               cmsis_os2.o
    0x20000074   COMPRESSED   0x00000020   Data   RW         4130    .data               heap_4.o
    0x20000094   COMPRESSED   0x0000000c   Data   RW         4186    .data               port.o
    0x200000a0   COMPRESSED   0x000003a8   Data   RW         4544    .data               ctrltask.o
    0x20000448   COMPRESSED   0x0000000a   Data   RW         4640    .data               canbus.o
    0x20000452   COMPRESSED   0x00000004   Data   RW         4683    .data               uart3.o
    0x20000456   COMPRESSED   0x00000002   PAD
    0x20000458        -       0x00000050   Zero   RW          325    .bss                can.o
    0x200004a8        -       0x0000000c   Zero   RW          395    .bss                iwdg.o
    0x200004b4        -       0x00000104   Zero   RW          427    .bss                usart.o
    0x200005b8        -       0x00000040   Zero   RW         2709    .bss                queue.o
    0x200005f8        -       0x000004c4   Zero   RW         3133    .bss                tasks.o
    0x20000abc        -       0x00000118   Zero   RW         3464    .bss                timers.o
    0x20000bd4        -       0x000006b8   Zero   RW         3688    .bss                cmsis_os2.o
    0x2000128c        -       0x00003c00   Zero   RW         4129    .bss                heap_4.o
    0x20004e8c        -       0x00000068   Zero   RW         4494    .bss                infoproc.o
    0x20004ef4        -       0x00000018   Zero   RW         4639    .bss                canbus.o
    0x20004f0c        -       0x00000074   Zero   RW         4682    .bss                uart3.o
    0x20004f80        -       0x00000060   Zero   RW         4942    .bss                c_w.l(libspace.o)
    0x20004fe0        -       0x00000200   Zero   RW            2    HEAP                startup_stm32f427xx.o
    0x200051e0        -       0x00000400   Zero   RW            1    STACK               startup_stm32f427xx.o


==============================================================================

Image component sizes


      Code (inc. data)   RO Data    RW Data    ZI Data      Debug   Object Name

       420         44          0          4         80       2410   can.o
       316         40          0         10         24       2593   canbus.o
       346         22          0          4       1720      65156   cmsis_os2.o
       408         34          0        936          0       1432   ctrltask.o
        60          4          0          0          0        750   dma.o
        88          0          0          0          0       1078   dma_bsp.o
         0          0          0          0          0      19416   event_groups.o
        78         22        143         12          0       1856   freertos.o
       128         10          0          0          0        923   gpio.o
       472         24          0         32      15360       4827   heap_4.o
      1640        102          0          0        104       6370   infoproc.o
        96         14          0          0          0        546   init.o
        44          8          0          0         12        699   iwdg.o
       138          0          0          0          0       3510   list.o
       214          8          0          0          0     734637   main.o
       880         52          0          0          0       5595   motorlib.o
       602         10          0          0          0       2168   pid.o
       786         82          0         12          0      11433   port.o
      1514         20          0          0         64      17324   queue.o
        64         26        428          0       1536        836   startup_stm32f427xx.o
       144         24          0         12          0       8865   stm32f4xx_hal.o
      1688          6          0          0          0      14904   stm32f4xx_hal_can.o
       198         14          0          0          0      33911   stm32f4xx_hal_cortex.o
      1084         16          8          0          0       7294   stm32f4xx_hal_dma.o
       574         54          0          0          0       2192   stm32f4xx_hal_gpio.o
       102          0          0          0          0       1871   stm32f4xx_hal_iwdg.o
        56          4          0          0          0        826   stm32f4xx_hal_msp.o
       112         14          0          0          0       1276   stm32f4xx_hal_pwr_ex.o
      1348         76          0          0          0       5204   stm32f4xx_hal_rcc.o
      1878         30          0          0          0      13719   stm32f4xx_hal_uart.o
       128         40          0          0          0       6469   stm32f4xx_it.o
         0          0          0          0          0        392   stream_buffer.o
        16          4         24          4          0       1083   system_stm32f4xx.o
      2224        176          0         60       1220      27890   tasks.o
       972         80          0         20        280      32023   timers.o
       664         40          0          4        116       3481   uart3.o
       300         30          0          0        260       1840   usart.o

    ----------------------------------------------------------------------
     19832       1130        636       1112      20776    1046799   Object Totals
         0          0         32          0          0          0   (incl. Generated)
        50          0          1          2          0          0   (incl. Padding)

    ----------------------------------------------------------------------

      Code (inc. data)   RO Data    RW Data    ZI Data      Debug   Library Member Name

        90          0          0          0          0          0   __dczerorl2.o
         8          0          0          0          0         68   __main.o
         0          0          0          0          0          0   __rtentry.o
        12          0          0          0          0          0   __rtentry2.o
         6          0          0          0          0          0   __rtentry4.o
        52          8          0          0          0          0   __scatter.o
        28          0          0          0          0          0   __scatter_zi.o
        16          0          0          0          0         68   aeabi_memset.o
        18          0          0          0          0         80   exit.o
         6          0          0          0          0        152   heapauxi.o
         0          0          0          0          0          0   indicate_semi.o
         2          0          0          0          0          0   libinit.o
         6          0          0          0          0          0   libinit2.o
         2          0          0          0          0          0   libshutdown.o
         2          0          0          0          0          0   libshutdown2.o
         8          4          0          0         96         68   libspace.o
       238          0          0          0          0        100   lludivv7m.o
        68          0          0          0          0         68   rt_memclr.o
        78          0          0          0          0         80   rt_memclr_w.o
       138          0          0          0          0         68   rt_memcpy_v6.o
       100          0          0          0          0         80   rt_memcpy_w.o
         2          0          0          0          0          0   rtexit.o
        10          0          0          0          0          0   rtexit2.o
        12          4          0          0          0         68   sys_exit.o
        74          0          0          0          0         80   sys_stackheap_outer.o
         2          0          0          0          0         68   use_no_semi.o
        10          0          0          0          0        116   fpinit.o

    ----------------------------------------------------------------------
       996         16          0          0         96       1164   Library Totals
         8          0          0          0          0          0   (incl. Padding)

    ----------------------------------------------------------------------

      Code (inc. data)   RO Data    RW Data    ZI Data      Debug   Library Name

       978         16          0          0         96       1048   c_w.l
        10          0          0          0          0        116   fz_wm.l

    ----------------------------------------------------------------------
       996         16          0          0         96       1164   Library Totals

    ----------------------------------------------------------------------

==============================================================================


      Code (inc. data)   RO Data    RW Data    ZI Data      Debug   

     20828       1146        636       1112      20872    1030095   Grand Totals
     20828       1146        636         80      20872    1030095   ELF Image Totals (compressed)
     20828       1146        636         80          0          0   ROM Totals

==============================================================================

    Total RO  Size (Code + RO Data)                21464 (  20.96kB)
    Total RW  Size (RW Data + ZI Data)             21984 (  21.47kB)
    Total ROM Size (Code + RO Data + RW Data)      21544 (  21.04kB)

==============================================================================

